******************************************************************************
              TMS320C55x Linker PC v4.3.8                      
******************************************************************************
>> Linked Tue Feb 26 16:42:13 2013

OUTPUT FILE NAME:   <audioLoop.out>
ENTRY POINT SYMBOL: "reset_isr"  address: 00030bf8


MEMORY CONFIGURATION

         name            origin    length      used     unused   attr    fill
                        (bytes)   (bytes)    (bytes)   (bytes)
----------------------  --------  ---------  --------  --------  ----  --------
  MMR                   00000000   000000c0  00000000  000000c0  RW  
  DARAM                 000000c0   0000ff40  000042a6  0000bc9a  RW  
  SARAM                 00030000   0001e000  00000de8  0001d218  RW  
  EMIF_CS0              00050000   007b0000  00000000  007b0000  RW  
  EMIF_CS2              00800000   00400000  00000000  00400000  RW  
  EMIF_CS3              00c00000   00200000  00000000  00200000  RW  
  EMIF_CS4              00e00000   00100000  00000000  00100000  RW  
  EMIF_CS5              00f00000   000e0000  00000000  000e0000  RW  
  SAROM_0               00fe0000   00008000  00000000  00008000  R  X
  SAROM_1               00fe8000   00008000  00000000  00008000  R  X
  SAROM_2               00ff0000   00008000  00000000  00008000  R  X
  SAROM_3               00ff8000   00008000  00000000  00008000  R  X


SECTION ALLOCATION MAP
(Addresses surrounded by []'s are displayed for convenience only!)

output                                                          attributes/
section   page  orgn(bytes) orgn(words) len(bytes) len(words)   input sections
--------  ----  ----------- ----------- ---------- ----------   --------------
.stack       0   [ 000000c0 ]  00000060          *   00001000   UNINITIALIZED
                 [ 000000c0 ]  00000060          *   00001000   --HOLE--

.data        0   [ 000000c0 ]  00000060          *   00000000   UNINITIALIZED

.bss         0   [ 000020c0 ]  00001060          *   00000822   UNINITIALIZED
                 [ 000020c0 ]  00001060          *   00000800   audioLoopTest.obj (.bss)
                 [ 000030c0 ]  00001860          *   00000016   myC55xUtil.lib : dma.obj (.bss)
                 [ 000030ec ]  00001876          *   00000004   rts55x.lib : _lock.obj (.bss)
                 [ 000030f4 ]  0000187a          *   00000004              : exit.obj (.bss)
                 [ 000030fc ]  0000187e          *   00000003   myC55xUtil.lib : AIC3204_init.obj (.bss)
                 [ 00003102 ]  00001881          *   00000001                  : i2s.obj (.bss)

.sysstack 
*            0   [ 00003104 ]  00001882          *   00000800   UNINITIALIZED
                 [ 00003104 ]  00001882          *   00000800   --HOLE--

.cinit       0   [ 00004104 ]  00002082          *   00000031   
                 [ 00004104 ]  00002082          *   00000018   myC55xUtil.lib : dma.obj (.cinit)
                 [ 00004134 ]  0000209a          *   0000000a   rts55x.lib : _lock.obj (.cinit)
                 [ 00004148 ]  000020a4          *   0000000a              : exit.obj (.cinit)
                 [ 0000415c ]  000020ae          *   00000004   myC55xUtil.lib : i2s.obj (.cinit)
                 [ 00004164 ]  000020b2          *   00000001   --HOLE-- [fill = 0]

vector       0     00004200  [ 00002100 ] 00000100          *   
                   00004200  [ 00002100 ] 00000100          *   vector.obj (vector)

vectors      0     00004300  [ 00002180 ] 00000100          *   NOLOAD SECTION
                   00004300  [ 00002180 ] 00000100          *   rts55x.lib : vectors.obj (vectors)

.text        0     00030000  [ 00018000 ] 00000de8          *   
                   00030000  [ 00018000 ] 000004a3          *   myC55xUtil.lib : dma.obj (.text)
                   000304a3  [ 00018251+] 0000032e          *                  : AIC3204_init.obj (.text)
                   000307d1  [ 000183e8+] 00000298          *                  : i2s_register.obj (.text)
                   00030a69  [ 00018534+] 0000018e          *   audioLoopTest.obj (.text)
                   00030bf7  [ 000185fb ] 00000001          *   --HOLE-- [fill = 20]
                   00030bf8  [ 000185fc ] 00000079          *   vector.obj (.text)
                   00030c71  [ 00018638+] 00000051          *   myC55xUtil.lib : i2s.obj (.text)
                   00030cc2  [ 00018661 ] 0000004d          *   rts55x.lib : autoinit.obj (.text)
                   00030d0f  [ 00018687+] 0000004b          *              : args_main.obj (.text)
                   00030d5a  [ 000186ad ] 0000003e          *              : exit.obj (.text)
                   00030d98  [ 000186cc ] 00000034          *              : boot.obj (.text)
                   00030dcc  [ 000186e6 ] 00000012          *              : _lock.obj (.text)
                   00030dde  [ 000186ef ] 00000007          *              : exit.obj (.text:CIO_breakpoint)
                   00030de5  [ 000186f2+] 00000002          *              : vectors.obj (.text)
                   00030de7  [ 000186f3 ] 00000001          *   --HOLE-- [fill = 20]


GLOBAL SYMBOLS: SORTED ALPHABETICALLY BY Name 

abs. value/
byte addr   word addr   name
---------   ---------   ----
00000002                $TI_capability$C5500$CallingConvention
00000002                $TI_capability$C5500$MemoryModel
00000001                $TI_capability_requires_rev3
            00001060    .bss
            00000060    .data
00030000                .text
00030ddf                C$$EXIT
000304a3                _AIC3204_init
            00001881    _Buf_Address
            00001870    _CurrentRxL_DMAChannel
            00001871    _CurrentRxR_DMAChannel
            00001872    _CurrentTxL_DMAChannel
            00001873    _CurrentTxR_DMAChannel
000302e5                _DMA_Isr
00004200                _RST
            00001460    _RcvL1
            00001660    _RcvL2
            00001560    _RcvR1
            00001760    _RcvR2
00004300                _Reset
            00001860    _RxL1_DMA_address
            00001862    _RxL2_DMA_address
            00001864    _RxR1_DMA_address
            00001866    _RxR2_DMA_address
            00001868    _TxL1_DMA_address
            0000186a    _TxL2_DMA_address
            0000186c    _TxR1_DMA_address
            0000186e    _TxR2_DMA_address
            00001060    _XmitL1
            00001260    _XmitL2
            00001160    _XmitR1
            00001360    _XmitR2
            00001060    __STACK_END
00002000                __STACK_SIZE
00001000                __SYSSTACK_SIZE
ffffffff                ___binit__
            00001060    ___bss__
ffffffff                ___c_args__
            00002082    ___cinit__
            00000060    ___data__
            00000060    ___edata__
            00001882    ___end__
00030de8                ___etext__
ffffffff                ___pinit__
00030000                ___text__
00030d0f                __args_main
            0000187a    __cleanup_ptr
            0000187c    __dtors_ptr
            00001876    __lock
00030ddc                __nop
00030dd4                __register_lock
00030dcc                __register_unlock
            00000060    __stack
            00001882    __sysstack
            00001878    __unlock
00030dde                _abort
00030cc2                _auto_init
00030d98                _c_int00
00030a31                _disable_i2s0
00030a3f                _disable_i2s1
00030a4d                _disable_i2s2
00030a5b                _disable_i2s3
00030bbc                _dsp_process
000302d8                _enable_dma_int
000309f9                _enable_i2s0
00030a07                _enable_i2s1
00030a15                _enable_i2s2
00030a23                _enable_i2s3
00030d5a                _exit
000307d1                _i2s0_read_CR
00030819                _i2s0_read_INTR
0003081f                _i2s0_read_INT_MASK
0003082b                _i2s0_read_RXL_LSW
00030837                _i2s0_read_RXL_MSW
00030843                _i2s0_read_RXR_LSW
0003084f                _i2s0_read_RXR_MSW
000307dd                _i2s0_read_SRGR
000307e9                _i2s0_read_TXL_LSW
000307f5                _i2s0_read_TXL_MSW
00030801                _i2s0_read_TXR_LSW
0003080d                _i2s0_read_TXR_MSW
000307d7                _i2s0_write_CR
00030825                _i2s0_write_INT_MASK
00030831                _i2s0_write_RXL_LSW
0003083d                _i2s0_write_RXL_MSW
00030849                _i2s0_write_RXR_LSW
00030855                _i2s0_write_RXR_MSW
000307e3                _i2s0_write_SRGR
000307ef                _i2s0_write_TXL_LSW
000307fb                _i2s0_write_TXL_MSW
00030807                _i2s0_write_TXR_LSW
00030813                _i2s0_write_TXR_MSW
0003085b                _i2s1_read_CR
000308a3                _i2s1_read_INTR
000308a9                _i2s1_read_INT_MASK
000308b5                _i2s1_read_RXL_LSW
000308c1                _i2s1_read_RXL_MSW
000308cd                _i2s1_read_RXR_LSW
000308d9                _i2s1_read_RXR_MSW
00030867                _i2s1_read_SRGR
00030873                _i2s1_read_TXL_LSW
0003087f                _i2s1_read_TXL_MSW
0003088b                _i2s1_read_TXR_LSW
00030897                _i2s1_read_TXR_MSW
00030861                _i2s1_write_CR
000308af                _i2s1_write_INT_MASK
000308bb                _i2s1_write_RXL_LSW
000308c7                _i2s1_write_RXL_MSW
000308d3                _i2s1_write_RXR_LSW
000308df                _i2s1_write_RXR_MSW
0003086d                _i2s1_write_SRGR
00030879                _i2s1_write_TXL_LSW
00030885                _i2s1_write_TXL_MSW
00030891                _i2s1_write_TXR_LSW
0003089d                _i2s1_write_TXR_MSW
000308e5                _i2s2_read_CR
0003092d                _i2s2_read_INTR
00030933                _i2s2_read_INT_MASK
0003093f                _i2s2_read_RXL_LSW
0003094b                _i2s2_read_RXL_MSW
00030957                _i2s2_read_RXR_LSW
00030963                _i2s2_read_RXR_MSW
000308f1                _i2s2_read_SRGR
000308fd                _i2s2_read_TXL_LSW
00030909                _i2s2_read_TXL_MSW
00030915                _i2s2_read_TXR_LSW
00030921                _i2s2_read_TXR_MSW
000308eb                _i2s2_write_CR
00030939                _i2s2_write_INT_MASK
00030945                _i2s2_write_RXL_LSW
00030951                _i2s2_write_RXL_MSW
0003095d                _i2s2_write_RXR_LSW
00030969                _i2s2_write_RXR_MSW
000308f7                _i2s2_write_SRGR
00030903                _i2s2_write_TXL_LSW
0003090f                _i2s2_write_TXL_MSW
0003091b                _i2s2_write_TXR_LSW
00030927                _i2s2_write_TXR_MSW
0003096f                _i2s3_read_CR
000309b7                _i2s3_read_INTR
000309bd                _i2s3_read_INT_MASK
000309c9                _i2s3_read_RXL_LSW
000309d5                _i2s3_read_RXL_MSW
000309e1                _i2s3_read_RXR_LSW
000309ed                _i2s3_read_RXR_MSW
0003097b                _i2s3_read_SRGR
00030987                _i2s3_read_TXL_LSW
00030993                _i2s3_read_TXL_MSW
0003099f                _i2s3_read_TXR_LSW
000309ab                _i2s3_read_TXR_MSW
00030975                _i2s3_write_CR
000309c3                _i2s3_write_INT_MASK
000309cf                _i2s3_write_RXL_LSW
000309db                _i2s3_write_RXL_MSW
000309e7                _i2s3_write_RXR_LSW
000309f3                _i2s3_write_RXR_MSW
00030981                _i2s3_write_SRGR
0003098d                _i2s3_write_TXL_LSW
00030999                _i2s3_write_TXL_MSW
000309a5                _i2s3_write_TXR_LSW
000309b1                _i2s3_write_TXR_MSW
            00001874    _leftChannel
00030a69                _main
            00001875    _rightChannel
00030000                _setDMA_address
00030160                _set_dma0_ch0_i2s0_Lout
00030108                _set_dma0_ch0_stop
000301be                _set_dma0_ch1_i2s0_Rout
0003011e                _set_dma0_ch1_stop
0003021c                _set_dma0_ch2_i2s0_Lin
00030134                _set_dma0_ch2_stop
0003027a                _set_dma0_ch3_i2s0_Rin
0003014a                _set_dma0_ch3_stop
00030c71                _set_i2s0_master
00030ca0                _set_i2s0_slave
ffffffff                binit
            00002082    cinit
            00000060    edata
            00001882    end
00030de8                etext
ffffffff                pinit
00030bf8                reset_isr


GLOBAL SYMBOLS: SORTED BY Symbol Address 

abs. value/
byte addr   word addr   name
---------   ---------   ----
00000001                $TI_capability_requires_rev3
00000002                $TI_capability$C5500$CallingConvention
00000002                $TI_capability$C5500$MemoryModel
            00000060    .data
            00000060    ___data__
            00000060    ___edata__
            00000060    __stack
            00000060    edata
00001000                __SYSSTACK_SIZE
00002000                __STACK_SIZE
            00001060    .bss
            00001060    _XmitL1
            00001060    __STACK_END
            00001060    ___bss__
            00001160    _XmitR1
            00001260    _XmitL2
            00001360    _XmitR2
            00001460    _RcvL1
            00001560    _RcvR1
            00001660    _RcvL2
            00001760    _RcvR2
            00001860    _RxL1_DMA_address
            00001862    _RxL2_DMA_address
            00001864    _RxR1_DMA_address
            00001866    _RxR2_DMA_address
            00001868    _TxL1_DMA_address
            0000186a    _TxL2_DMA_address
            0000186c    _TxR1_DMA_address
            0000186e    _TxR2_DMA_address
            00001870    _CurrentRxL_DMAChannel
            00001871    _CurrentRxR_DMAChannel
            00001872    _CurrentTxL_DMAChannel
            00001873    _CurrentTxR_DMAChannel
            00001874    _leftChannel
            00001875    _rightChannel
            00001876    __lock
            00001878    __unlock
            0000187a    __cleanup_ptr
            0000187c    __dtors_ptr
            00001881    _Buf_Address
            00001882    ___end__
            00001882    __sysstack
            00001882    end
            00002082    ___cinit__
            00002082    cinit
00004200                _RST
00004300                _Reset
00030000                .text
00030000                ___text__
00030000                _setDMA_address
00030108                _set_dma0_ch0_stop
0003011e                _set_dma0_ch1_stop
00030134                _set_dma0_ch2_stop
0003014a                _set_dma0_ch3_stop
00030160                _set_dma0_ch0_i2s0_Lout
000301be                _set_dma0_ch1_i2s0_Rout
0003021c                _set_dma0_ch2_i2s0_Lin
0003027a                _set_dma0_ch3_i2s0_Rin
000302d8                _enable_dma_int
000302e5                _DMA_Isr
000304a3                _AIC3204_init
000307d1                _i2s0_read_CR
000307d7                _i2s0_write_CR
000307dd                _i2s0_read_SRGR
000307e3                _i2s0_write_SRGR
000307e9                _i2s0_read_TXL_LSW
000307ef                _i2s0_write_TXL_LSW
000307f5                _i2s0_read_TXL_MSW
000307fb                _i2s0_write_TXL_MSW
00030801                _i2s0_read_TXR_LSW
00030807                _i2s0_write_TXR_LSW
0003080d                _i2s0_read_TXR_MSW
00030813                _i2s0_write_TXR_MSW
00030819                _i2s0_read_INTR
0003081f                _i2s0_read_INT_MASK
00030825                _i2s0_write_INT_MASK
0003082b                _i2s0_read_RXL_LSW
00030831                _i2s0_write_RXL_LSW
00030837                _i2s0_read_RXL_MSW
0003083d                _i2s0_write_RXL_MSW
00030843                _i2s0_read_RXR_LSW
00030849                _i2s0_write_RXR_LSW
0003084f                _i2s0_read_RXR_MSW
00030855                _i2s0_write_RXR_MSW
0003085b                _i2s1_read_CR
00030861                _i2s1_write_CR
00030867                _i2s1_read_SRGR
0003086d                _i2s1_write_SRGR
00030873                _i2s1_read_TXL_LSW
00030879                _i2s1_write_TXL_LSW
0003087f                _i2s1_read_TXL_MSW
00030885                _i2s1_write_TXL_MSW
0003088b                _i2s1_read_TXR_LSW
00030891                _i2s1_write_TXR_LSW
00030897                _i2s1_read_TXR_MSW
0003089d                _i2s1_write_TXR_MSW
000308a3                _i2s1_read_INTR
000308a9                _i2s1_read_INT_MASK
000308af                _i2s1_write_INT_MASK
000308b5                _i2s1_read_RXL_LSW
000308bb                _i2s1_write_RXL_LSW
000308c1                _i2s1_read_RXL_MSW
000308c7                _i2s1_write_RXL_MSW
000308cd                _i2s1_read_RXR_LSW
000308d3                _i2s1_write_RXR_LSW
000308d9                _i2s1_read_RXR_MSW
000308df                _i2s1_write_RXR_MSW
000308e5                _i2s2_read_CR
000308eb                _i2s2_write_CR
000308f1                _i2s2_read_SRGR
000308f7                _i2s2_write_SRGR
000308fd                _i2s2_read_TXL_LSW
00030903                _i2s2_write_TXL_LSW
00030909                _i2s2_read_TXL_MSW
0003090f                _i2s2_write_TXL_MSW
00030915                _i2s2_read_TXR_LSW
0003091b                _i2s2_write_TXR_LSW
00030921                _i2s2_read_TXR_MSW
00030927                _i2s2_write_TXR_MSW
0003092d                _i2s2_read_INTR
00030933                _i2s2_read_INT_MASK
00030939                _i2s2_write_INT_MASK
0003093f                _i2s2_read_RXL_LSW
00030945                _i2s2_write_RXL_LSW
0003094b                _i2s2_read_RXL_MSW
00030951                _i2s2_write_RXL_MSW
00030957                _i2s2_read_RXR_LSW
0003095d                _i2s2_write_RXR_LSW
00030963                _i2s2_read_RXR_MSW
00030969                _i2s2_write_RXR_MSW
0003096f                _i2s3_read_CR
00030975                _i2s3_write_CR
0003097b                _i2s3_read_SRGR
00030981                _i2s3_write_SRGR
00030987                _i2s3_read_TXL_LSW
0003098d                _i2s3_write_TXL_LSW
00030993                _i2s3_read_TXL_MSW
00030999                _i2s3_write_TXL_MSW
0003099f                _i2s3_read_TXR_LSW
000309a5                _i2s3_write_TXR_LSW
000309ab                _i2s3_read_TXR_MSW
000309b1                _i2s3_write_TXR_MSW
000309b7                _i2s3_read_INTR
000309bd                _i2s3_read_INT_MASK
000309c3                _i2s3_write_INT_MASK
000309c9                _i2s3_read_RXL_LSW
000309cf                _i2s3_write_RXL_LSW
000309d5                _i2s3_read_RXL_MSW
000309db                _i2s3_write_RXL_MSW
000309e1                _i2s3_read_RXR_LSW
000309e7                _i2s3_write_RXR_LSW
000309ed                _i2s3_read_RXR_MSW
000309f3                _i2s3_write_RXR_MSW
000309f9                _enable_i2s0
00030a07                _enable_i2s1
00030a15                _enable_i2s2
00030a23                _enable_i2s3
00030a31                _disable_i2s0
00030a3f                _disable_i2s1
00030a4d                _disable_i2s2
00030a5b                _disable_i2s3
00030a69                _main
00030bbc                _dsp_process
00030bf8                reset_isr
00030c71                _set_i2s0_master
00030ca0                _set_i2s0_slave
00030cc2                _auto_init
00030d0f                __args_main
00030d5a                _exit
00030d98                _c_int00
00030dcc                __register_unlock
00030dd4                __register_lock
00030ddc                __nop
00030dde                _abort
00030ddf                C$$EXIT
00030de8                ___etext__
00030de8                etext
ffffffff                ___binit__
ffffffff                ___c_args__
ffffffff                ___pinit__
ffffffff                binit
ffffffff                pinit

[182 symbols]
