******************************************************************************
              TMS320C55x Linker PC v4.3.8                      
******************************************************************************
>> Linked Sun Oct 23 19:13:01 2016

OUTPUT FILE NAME:   <ActiveNoiseCancelling.out>
ENTRY POINT SYMBOL: "_c_int00"  address: 0001319c


MEMORY CONFIGURATION

         name            origin    length      used     unused   attr    fill
                        (bytes)   (bytes)    (bytes)   (bytes)
----------------------  --------  ---------  --------  --------  ----  --------
  MMR                   00000000   000000c0  00000000  000000c0  RWIX
  SPRAM                 000000c0   00000004  00000000  00000004  RWIX
  VECS                  00000100   00000100  00000100  00000000  RWIX
  DARAM0                00000200   00003e00  000013e8  00002a18  RWIX
  DARAM1                00004000   00004000  00000024  00003fdc  RWIX
  DARAM2                00008000   00004000  00000000  00004000  RWIX
  DARAM3                0000c000   00004000  00000000  00004000  RWIX
  SARAM0                00010000   00003000  00000044  00002fbc  RWIX
  SARAM1                00013000   00005000  000001ec  00004e14  RWIX
  SARAM2                00018000   00004000  00000000  00004000  RWIX
  SARAM3                0001c000   00004000  00000000  00004000  RWIX
  SARAM4                00020000   00004000  00000000  00004000  RWIX
  SARAM5                00024000   00004000  00000000  00004000  RWIX
  SARAM6                00028000   00004000  00000000  00004000  RWIX
  SARAM7                0002c000   00004000  00000000  00004000  RWIX
  SARAM8                00030000   00004000  00000000  00004000  RWIX
  SARAM9                00034000   00004000  00000000  00004000  RWIX
  SARAM10               00038000   00004000  00000000  00004000  RWIX
  SARAM11               0003c000   00004000  00000000  00004000  RWIX
  SARAM12               00040000   00004000  00000000  00004000  RWIX
  SARAM13               00044000   00004000  00000000  00004000  RWIX
  SARAM14               00048000   00004000  00000000  00004000  RWIX
  SARAM15               0004c000   00004000  00000000  00004000  RWIX
  CE0                   00050000   003b0000  00000000  003b0000  RWIX
  CE1                   00400000   00400000  00000000  00400000  RWIX
  CE2                   00800000   00400000  00000000  00400000  RWIX
  CE3                   00c00000   003f8000  00000000  003f8000  RWIX
  PDROM                 00ff8000   00007f00  00000000  00007f00  RWIX


SECTION ALLOCATION MAP
(Addresses surrounded by []'s are displayed for convenience only!)

output                                                          attributes/
section   page  orgn(bytes) orgn(words) len(bytes) len(words)   input sections
--------  ----  ----------- ----------- ---------- ----------   --------------
vectors      0     00000100  [ 00000080 ] 00000100          *   
                   00000100  [ 00000080 ] 00000100          *   rts55x.lib : vectors.obj (vectors)

.stack       0   [ 00000200 ]  00000100          *   00000800   UNINITIALIZED
                 [ 00000200 ]  00000100          *   00000800   --HOLE--

.sysstack 
*            0   [ 00001200 ]  00000900          *   000001f4   UNINITIALIZED
                 [ 00001200 ]  00000900          *   000001f4   --HOLE--

.data        0   [ 00004000 ]  00002000          *   00000000   UNINITIALIZED

.bss         0   [ 00004000 ]  00002000          *   00000012   UNINITIALIZED
                 [ 00004000 ]  00002000          *   0000000a   main.obj (.bss)
                 [ 00004014 ]  0000200a          *   00000004   rts55x.lib : _lock.obj (.bss)
                 [ 0000401c ]  0000200e          *   00000004              : exit.obj (.bss)

.cinit       0   [ 00010000 ]  00008000          *   00000022   
                 [ 00010000 ]  00008000          *   0000000d   main.obj (.cinit)
                 [ 0001001a ]  0000800d          *   0000000a   rts55x.lib : _lock.obj (.cinit)
                 [ 0001002e ]  00008017          *   0000000a              : exit.obj (.cinit)
                 [ 00010042 ]  00008021          *   00000001   --HOLE-- [fill = 0]

.text        0     00013000  [ 00009800 ] 000001ec          *   
                   00013000  [ 00009800 ] 000000c6          *   main.obj (.text)
                   000130c6  [ 00009863 ] 0000004d          *   rts55x.lib : autoinit.obj (.text)
                   00013113  [ 00009889+] 0000004b          *              : args_main.obj (.text)
                   0001315e  [ 000098af ] 0000003e          *              : exit.obj (.text)
                   0001319c  [ 000098ce ] 00000034          *              : boot.obj (.text)
                   000131d0  [ 000098e8 ] 00000012          *              : _lock.obj (.text)
                   000131e2  [ 000098f1 ] 00000007          *              : exit.obj (.text:CIO_breakpoint)
                   000131e9  [ 000098f4+] 00000002          *              : vectors.obj (.text)
                   000131eb  [ 000098f5 ] 00000001          *   --HOLE-- [fill = 20]


GLOBAL SYMBOLS: SORTED ALPHABETICALLY BY Name 

abs. value/
byte addr   word addr   name
---------   ---------   ----
00000002                $TI_capability$C5500$CallingConvention
00000002                $TI_capability$C5500$MemoryModel
00000001                $TI_capability_requires_rev2
            00002000    .bss
            00002000    .data
00013000                .text
000131e3                C$$EXIT
UNDEFED    _DSK5510_AIC23_closeCodec
UNDEFED    _DSK5510_AIC23_openCodec
UNDEFED    _DSK5510_AIC23_read16
UNDEFED    _DSK5510_AIC23_write16
UNDEFED    _DSK5510_init
00000100                _Reset
            00000900    __STACK_END
00001000                __STACK_SIZE
000003e8                __SYSSTACK_SIZE
ffffffff                ___binit__
            00002000    ___bss__
ffffffff                ___c_args__
            00008000    ___cinit__
            00002000    ___data__
            00002000    ___edata__
            00002012    ___end__
000131ec                ___etext__
ffffffff                ___pinit__
00013000                ___text__
00013113                __args_main
            0000200e    __cleanup_ptr
            00002010    __dtors_ptr
            0000200a    __lock
000131e0                __nop
000131d8                __register_lock
000131d0                __register_unlock
            00000100    __stack
            00000900    __sysstack
            0000200c    __unlock
000131e2                _abort
000130c6                _auto_init
0001319c                _c_int00
            00002000    _config
0001315e                _exit
00013000                _main
ffffffff                binit
            00008000    cinit
            00002000    edata
            00002012    end
000131ec                etext
ffffffff                pinit


GLOBAL SYMBOLS: SORTED BY Symbol Address 

abs. value/
byte addr   word addr   name
---------   ---------   ----
00000001                $TI_capability_requires_rev2
00000002                $TI_capability$C5500$CallingConvention
00000002                $TI_capability$C5500$MemoryModel
00000100                _Reset
            00000100    __stack
000003e8                __SYSSTACK_SIZE
00001000                __STACK_SIZE
            00000900    __STACK_END
            00000900    __sysstack
            00002000    .bss
            00002000    .data
            00002000    ___bss__
            00002000    ___data__
            00002000    ___edata__
            00002000    _config
            00002000    edata
            0000200a    __lock
            0000200c    __unlock
            0000200e    __cleanup_ptr
            00002010    __dtors_ptr
            00002012    ___end__
            00002012    end
            00008000    ___cinit__
            00008000    cinit
00013000                .text
00013000                ___text__
00013000                _main
000130c6                _auto_init
00013113                __args_main
0001315e                _exit
0001319c                _c_int00
000131d0                __register_unlock
000131d8                __register_lock
000131e0                __nop
000131e2                _abort
000131e3                C$$EXIT
000131ec                ___etext__
000131ec                etext
ffffffff                ___binit__
ffffffff                ___c_args__
ffffffff                ___pinit__
ffffffff                binit
ffffffff                pinit
UNDEFED    _DSK5510_AIC23_closeCodec
UNDEFED    _DSK5510_AIC23_openCodec
UNDEFED    _DSK5510_AIC23_read16
UNDEFED    _DSK5510_AIC23_write16
UNDEFED    _DSK5510_init

[48 symbols]
