******************************************************************************
              TMS320C55x Linker PC v4.3.8                      
******************************************************************************
>> Linked Mon Nov 28 16:24:52 2016

OUTPUT FILE NAME:   <aic3204.out>
ENTRY POINT SYMBOL: "_c_int00"  address: 00020971


MEMORY CONFIGURATION

         name            origin    length      used     unused   attr    fill
                        (bytes)   (bytes)    (bytes)   (bytes)
----------------------  --------  ---------  --------  --------  ----  --------
PAGE 0:
  MMR                   00000000   000000c0  00000000  000000c0  RWIX
  DARAM0                000000c0   0000ff40  000030b4  0000ce8c  RWIX
  SARAM0                00010000   00010000  00000000  00010000  RWIX
  SARAM1                00020000   00020000  000009c1  0001f63f  RWIX
  SARAM2                00040000   0000fe00  000000ba  0000fd46  RWIX
  VECS                  0004fe00   00000200  00000100  00000100  RWIX
  PDROM                 00ff8000   00008000  00000000  00008000  R IX

PAGE 2:
  IOPORT                00000000   00020000  00000000  00020000  RWI 


SECTION ALLOCATION MAP
(Addresses surrounded by []'s are displayed for convenience only!)

output                                                          attributes/
section   page  orgn(bytes) orgn(words) len(bytes) len(words)   input sections
--------  ----  ----------- ----------- ---------- ----------   --------------
.pinit       0   [ 00040000 ]  00020000          *   00000000   UNINITIALIZED

.stack       0   [ 000000c0 ]  00000060          *   00001000   UNINITIALIZED
                 [ 000000c0 ]  00000060          *   00001000   --HOLE--

.data        0   [ 000000c0 ]  00000060          *   00000000   UNINITIALIZED

.sysstack 
*            0   [ 000020c0 ]  00001060          *   00000800   UNINITIALIZED
                 [ 000020c0 ]  00001060          *   00000800   --HOLE--

.bss         0   [ 000030c0 ]  00001860          *   0000005a   UNINITIALIZED
                 [ 000030c0 ]  00001860          *   00000051   FIRFIlterTest.obj (.bss)
                 [ 00003162 ]  000018b1          *   00000001   usbstk5515_i2c.obj (.bss)
                 [ 00003164 ]  000018b2          *   00000004   rts55x.lib : _lock.obj (.bss)
                 [ 0000316c ]  000018b6          *   00000004              : exit.obj (.bss)

.text        0     00020000  [ 00010000 ] 000009c1          *   
                   00020000  [ 00010000 ] 00000394          *   FIRFIlterTest.obj (.text)
                   00020394  [ 000101ca ] 000001c9          *   usbstk5515_led.obj (.text)
                   0002055d  [ 000102ae+] 00000156          *   usbstk5515_gpio.obj (.text)
                   000206b3  [ 00010359+] 0000013e          *   usbstk5515_i2c.obj (.text)
                   000207f1  [ 000103f8+] 00000056          *   Functions.obj (.text)
                   00020847  [ 00010423+] 00000054          *   usbstk5515.obj (.text)
                   0002089b  [ 0001044d+] 0000004d          *   rts55x.lib : autoinit.obj (.text)
                   000208e8  [ 00010474 ] 0000004b          *              : args_main.obj (.text)
                   00020933  [ 00010499+] 0000003e          *              : exit.obj (.text)
                   00020971  [ 000104b8+] 00000034          *              : boot.obj (.text)
                   000209a5  [ 000104d2+] 00000012          *              : _lock.obj (.text)
                   000209b7  [ 000104db+] 00000007          *              : exit.obj (.text:CIO_breakpoint)
                   000209be  [ 000104df ] 00000002          *              : vectors.obj (.text)
                   000209c0  [ 000104e0 ] 00000001          *   --HOLE-- [fill = 20]

.cinit       0   [ 00040000 ]  00020000          *   0000005d   
                 [ 00040000 ]  00020000          *   00000044   FIRFIlterTest.obj (.cinit)
                 [ 00040088 ]  00020044          *   0000000a   rts55x.lib : _lock.obj (.cinit)
                 [ 0004009c ]  0002004e          *   0000000a              : exit.obj (.cinit)
                 [ 000400b0 ]  00020058          *   00000004   usbstk5515_i2c.obj (.cinit)
                 [ 000400b8 ]  0002005c          *   00000001   --HOLE-- [fill = 0]

vectors      0     0004fe00  [ 00027f00 ] 00000100          *   
                   0004fe00  [ 00027f00 ] 00000100          *   rts55x.lib : vectors.obj (vectors)


GLOBAL SYMBOLS: SORTED ALPHABETICALLY BY Name 

abs. value/
byte addr   word addr   name
---------   ---------   ----
00000002                $TI_capability$C5500$CallingConvention
00000002                $TI_capability$C5500$MemoryModel
00000001                $TI_capability_requires_rev3
ffffffff                .bss
ffffffff                .data
ffffffff                .text
000209b8                C$$EXIT
00020022                _AIC3204_Init
00020000                _AIC3204_rset
            00001863    _BCLK
            00001864    _BCLKN
            00001862    _Dhigh
            00001861    _Dlow
000207f1                _FIR
00020813                _FXLMS
            00001860    _J
            00001865    _Reg11
            00001866    _Reg12
            00001867    _Reg13
            00001868    _Reg14
            00001869    _Reg18
            0000186a    _Reg19
            0000186b    _Reg20
0004fe00                _Reset
0002065b                _USBSTK5515_GPIO_getInput
0002055d                _USBSTK5515_GPIO_init
00020561                _USBSTK5515_GPIO_setDirection
000205de                _USBSTK5515_GPIO_setOutput
000206d2                _USBSTK5515_I2C_close
000206b3                _USBSTK5515_I2C_init
00020778                _USBSTK5515_I2C_read
000206db                _USBSTK5515_I2C_reset
000206e9                _USBSTK5515_I2C_write
00020394                _USBSTK5515_LED_init
000203b0                _USBSTK5515_LED_off
0002039f                _USBSTK5515_LED_on
000203f0                _USBSTK5515_ULED_getall
000203c1                _USBSTK5515_ULED_init
000204e5                _USBSTK5515_ULED_off
000204b0                _USBSTK5515_ULED_on
00020442                _USBSTK5515_ULED_setall
00020518                _USBSTK5515_ULED_toggle
0002088d                _USBSTK5515_init
00020847                _USBSTK5515_wait
0002087b                _USBSTK5515_waitusec
            00001060    __STACK_END
00002000                __STACK_SIZE
00001000                __SYSSTACK_SIZE
ffffffff                ___binit__
ffffffff                ___bss__
ffffffff                ___c_args__
            00020000    ___cinit__
ffffffff                ___data__
ffffffff                ___edata__
ffffffff                ___end__
ffffffff                ___etext__
ffffffff                ___pinit__
ffffffff                ___text__
000208e8                __args_main
            000018b6    __cleanup_ptr
            000018b8    __dtors_ptr
            000018b2    __lock
000209b5                __nop
000209ad                __register_lock
000209a5                __register_unlock
            00000060    __stack
            00001060    __sysstack
            000018b4    __unlock
000209b7                _abort
0002089b                _auto_init
            00001880    _b
            000018a7    _bLMS
00020971                _c_int00
000201d3                _codec_init
            000018af    _constants
            0000186c    _data1
            0000186d    _data2
            0000186e    _data3
            0000186f    _data4
            000018ae    _e
00020933                _exit
            000018a1    _i
            000018b1    _i2c_timeout
            000018ad    _iLMS
0002032c                _initAll
00020230                _main
            000018ac    _u
            00001870    _x
            000018a2    _xLMS
            00001891    _y
ffffffff                binit
            00020000    cinit
ffffffff                edata
ffffffff                end
ffffffff                etext
ffffffff                pinit


GLOBAL SYMBOLS: SORTED BY Symbol Address 

abs. value/
byte addr   word addr   name
---------   ---------   ----
00000001                $TI_capability_requires_rev3
00000002                $TI_capability$C5500$CallingConvention
00000002                $TI_capability$C5500$MemoryModel
            00000060    __stack
00001000                __SYSSTACK_SIZE
00002000                __STACK_SIZE
            00001060    __STACK_END
            00001060    __sysstack
            00001860    _J
            00001861    _Dlow
            00001862    _Dhigh
            00001863    _BCLK
            00001864    _BCLKN
            00001865    _Reg11
            00001866    _Reg12
            00001867    _Reg13
            00001868    _Reg14
            00001869    _Reg18
            0000186a    _Reg19
            0000186b    _Reg20
            0000186c    _data1
            0000186d    _data2
            0000186e    _data3
            0000186f    _data4
            00001870    _x
            00001880    _b
            00001891    _y
            000018a1    _i
            000018a2    _xLMS
            000018a7    _bLMS
            000018ac    _u
            000018ad    _iLMS
            000018ae    _e
            000018af    _constants
            000018b1    _i2c_timeout
            000018b2    __lock
            000018b4    __unlock
            000018b6    __cleanup_ptr
            000018b8    __dtors_ptr
00020000                _AIC3204_rset
00020022                _AIC3204_Init
000201d3                _codec_init
00020230                _main
0002032c                _initAll
00020394                _USBSTK5515_LED_init
0002039f                _USBSTK5515_LED_on
000203b0                _USBSTK5515_LED_off
000203c1                _USBSTK5515_ULED_init
000203f0                _USBSTK5515_ULED_getall
00020442                _USBSTK5515_ULED_setall
000204b0                _USBSTK5515_ULED_on
000204e5                _USBSTK5515_ULED_off
00020518                _USBSTK5515_ULED_toggle
0002055d                _USBSTK5515_GPIO_init
00020561                _USBSTK5515_GPIO_setDirection
000205de                _USBSTK5515_GPIO_setOutput
0002065b                _USBSTK5515_GPIO_getInput
000206b3                _USBSTK5515_I2C_init
000206d2                _USBSTK5515_I2C_close
000206db                _USBSTK5515_I2C_reset
000206e9                _USBSTK5515_I2C_write
00020778                _USBSTK5515_I2C_read
000207f1                _FIR
00020813                _FXLMS
00020847                _USBSTK5515_wait
0002087b                _USBSTK5515_waitusec
0002088d                _USBSTK5515_init
0002089b                _auto_init
000208e8                __args_main
00020933                _exit
00020971                _c_int00
000209a5                __register_unlock
000209ad                __register_lock
000209b5                __nop
000209b7                _abort
000209b8                C$$EXIT
            00020000    ___cinit__
            00020000    cinit
0004fe00                _Reset
ffffffff                .bss
ffffffff                .data
ffffffff                .text
ffffffff                ___binit__
ffffffff                ___bss__
ffffffff                ___c_args__
ffffffff                ___data__
ffffffff                ___edata__
ffffffff                ___end__
ffffffff                ___etext__
ffffffff                ___pinit__
ffffffff                ___text__
ffffffff                binit
ffffffff                edata
ffffffff                end
ffffffff                etext
ffffffff                pinit

[96 symbols]
