******************************************************************************
              TMS320C55x Linker PC v4.3.8                      
******************************************************************************
>> Linked Wed Nov 02 12:27:14 2016

OUTPUT FILE NAME:   <aic3204.out>
ENTRY POINT SYMBOL: "_c_int00"  address: 000205ea


MEMORY CONFIGURATION

         name            origin    length      used     unused   attr    fill
                        (bytes)   (bytes)    (bytes)   (bytes)
----------------------  --------  ---------  --------  --------  ----  --------
PAGE 0:
  MMR                   00000000   000000c0  00000000  000000c0  RWIX
  DARAM0                000000c0   0000ff40  0000301a  0000cf26  RWIX
  SARAM0                00010000   00010000  00000000  00010000  RWIX
  SARAM1                00020000   00020000  0000063a  0001f9c6  RWIX
  SARAM2                00040000   0000fe00  00000032  0000fdce  RWIX
  VECS                  0004fe00   00000200  00000100  00000100  RWIX
  PDROM                 00ff8000   00008000  00000000  00008000  R IX

PAGE 2:
  IOPORT                00000000   00020000  00000000  00020000  RWI 


SECTION ALLOCATION MAP
(Addresses surrounded by []'s are displayed for convenience only!)

output                                                          attributes/
section   page  orgn(bytes) orgn(words) len(bytes) len(words)   input sections
--------  ----  ----------- ----------- ---------- ----------   --------------
.pinit       0   [ 00040000 ]  00020000          *   00000000   UNINITIALIZED

.stack       0   [ 000000c0 ]  00000060          *   00001000   UNINITIALIZED
                 [ 000000c0 ]  00000060          *   00001000   --HOLE--

.data        0   [ 000000c0 ]  00000060          *   00000000   UNINITIALIZED

.sysstack 
*            0   [ 000020c0 ]  00001060          *   00000800   UNINITIALIZED
                 [ 000020c0 ]  00001060          *   00000800   --HOLE--

.bss         0   [ 000030c0 ]  00001860          *   0000000d   UNINITIALIZED
                 [ 000030c0 ]  00001860          *   00000004   main.obj (.bss)
                 [ 000030c8 ]  00001864          *   00000004   rts55x_eh.lib : _lock.obj (.bss)
                 [ 000030d0 ]  00001868          *   00000004                 : exit.obj (.bss)
                 [ 000030d8 ]  0000186c          *   00000001   usbstk5515bsl.lib : usbstk5515_i2c.obj (.bss)

.text        0     00020000  [ 00010000 ] 0000063a          *   
                   00020000  [ 00010000 ] 0000022c          *   main.obj (.text)
                   0002022c  [ 00010116 ] 00000156          *   usbstk5515bsl.lib : usbstk5515_gpio.obj (.text)
                   00020382  [ 000101c1 ] 0000013e          *                     : usbstk5515_i2c.obj (.text)
                   000204c0  [ 00010260 ] 00000054          *                     : usbstk5515.obj (.text)
                   00020514  [ 0001028a ] 0000004d          *   rts55x_eh.lib : autoinit.obj (.text)
                   00020561  [ 000102b0+] 0000004b          *                 : args_main.obj (.text)
                   000205ac  [ 000102d6 ] 0000003e          *                 : exit.obj (.text)
                   000205ea  [ 000102f5 ] 00000034          *                 : boot.obj (.text)
                   0002061e  [ 0001030f ] 00000012          *                 : _lock.obj (.text)
                   00020630  [ 00010318 ] 00000007          *                 : exit.obj (.text:CIO_breakpoint)
                   00020637  [ 0001031b+] 00000002          *                 : vectors.obj (.text)
                   00020639  [ 0001031c ] 00000001          *   --HOLE-- [fill = 20]

.cinit       0   [ 00040000 ]  00020000          *   00000019   
                 [ 00040000 ]  00020000          *   0000000a   rts55x_eh.lib : _lock.obj (.cinit)
                 [ 00040014 ]  0002000a          *   0000000a                 : exit.obj (.cinit)
                 [ 00040028 ]  00020014          *   00000004   usbstk5515bsl.lib : usbstk5515_i2c.obj (.cinit)
                 [ 00040030 ]  00020018          *   00000001   --HOLE-- [fill = 0]

vectors      0     0004fe00  [ 00027f00 ] 00000100          *   
                   0004fe00  [ 00027f00 ] 00000100          *   rts55x_eh.lib : vectors.obj (vectors)


GLOBAL SYMBOLS: SORTED ALPHABETICALLY BY Name 

abs. value/
byte addr   word addr   name
---------   ---------   ----
00000002                $TI_capability$C5500$CallingConvention
00000002                $TI_capability$C5500$MemoryModel
00000001                $TI_capability_requires_rev3
ffffffff                .bss
ffffffff                .data
ffffffff                .text
00020631                C$$EXIT
00020022                _AIC3204_Init
00020000                _AIC3204_rset
0004fe00                _Reset
0002032a                _USBSTK5515_GPIO_getInput
0002022c                _USBSTK5515_GPIO_init
00020230                _USBSTK5515_GPIO_setDirection
000202ad                _USBSTK5515_GPIO_setOutput
000203a1                _USBSTK5515_I2C_close
00020382                _USBSTK5515_I2C_init
00020447                _USBSTK5515_I2C_read
000203aa                _USBSTK5515_I2C_reset
000203b8                _USBSTK5515_I2C_write
00020506                _USBSTK5515_init
000204c0                _USBSTK5515_wait
000204f4                _USBSTK5515_waitusec
            00001060    __STACK_END
00002000                __STACK_SIZE
00001000                __SYSSTACK_SIZE
ffffffff                ___binit__
ffffffff                ___bss__
ffffffff                ___c_args__
            00020000    ___cinit__
ffffffff                ___data__
ffffffff                ___edata__
ffffffff                ___end__
ffffffff                ___etext__
ffffffff                ___pinit__
ffffffff                ___text__
00020561                __args_main
            00001868    __cleanup_ptr
            0000186a    __dtors_ptr
            00001864    __lock
0002062e                __nop
00020626                __register_lock
0002061e                __register_unlock
            00000060    __stack
            00001060    __sysstack
            00001866    __unlock
00020630                _abort
00020514                _auto_init
000205ea                _c_int00
            00001860    _data1
            00001861    _data2
            00001862    _data3
            00001863    _data4
000205ac                _exit
            0000186c    _i2c_timeout
000201c2                _main
ffffffff                binit
            00020000    cinit
ffffffff                edata
ffffffff                end
ffffffff                etext
ffffffff                pinit


GLOBAL SYMBOLS: SORTED BY Symbol Address 

abs. value/
byte addr   word addr   name
---------   ---------   ----
00000001                $TI_capability_requires_rev3
00000002                $TI_capability$C5500$CallingConvention
00000002                $TI_capability$C5500$MemoryModel
            00000060    __stack
00001000                __SYSSTACK_SIZE
00002000                __STACK_SIZE
            00001060    __STACK_END
            00001060    __sysstack
            00001860    _data1
            00001861    _data2
            00001862    _data3
            00001863    _data4
            00001864    __lock
            00001866    __unlock
            00001868    __cleanup_ptr
            0000186a    __dtors_ptr
            0000186c    _i2c_timeout
00020000                _AIC3204_rset
00020022                _AIC3204_Init
000201c2                _main
0002022c                _USBSTK5515_GPIO_init
00020230                _USBSTK5515_GPIO_setDirection
000202ad                _USBSTK5515_GPIO_setOutput
0002032a                _USBSTK5515_GPIO_getInput
00020382                _USBSTK5515_I2C_init
000203a1                _USBSTK5515_I2C_close
000203aa                _USBSTK5515_I2C_reset
000203b8                _USBSTK5515_I2C_write
00020447                _USBSTK5515_I2C_read
000204c0                _USBSTK5515_wait
000204f4                _USBSTK5515_waitusec
00020506                _USBSTK5515_init
00020514                _auto_init
00020561                __args_main
000205ac                _exit
000205ea                _c_int00
0002061e                __register_unlock
00020626                __register_lock
0002062e                __nop
00020630                _abort
00020631                C$$EXIT
            00020000    ___cinit__
            00020000    cinit
0004fe00                _Reset
ffffffff                .bss
ffffffff                .data
ffffffff                .text
ffffffff                ___binit__
ffffffff                ___bss__
ffffffff                ___c_args__
ffffffff                ___data__
ffffffff                ___edata__
ffffffff                ___end__
ffffffff                ___etext__
ffffffff                ___pinit__
ffffffff                ___text__
ffffffff                binit
ffffffff                edata
ffffffff                end
ffffffff                etext
ffffffff                pinit

[61 symbols]
