******************************************************************************
              TMS320C55x Linker PC v4.3.8                      
******************************************************************************
>> Linked Thu Nov 17 16:46:05 2016

OUTPUT FILE NAME:   <aic3204.out>
ENTRY POINT SYMBOL: "_c_int00"  address: 000208e2


MEMORY CONFIGURATION

         name            origin    length      used     unused   attr    fill
                        (bytes)   (bytes)    (bytes)   (bytes)
----------------------  --------  ---------  --------  --------  ----  --------
PAGE 0:
  MMR                   00000000   000000c0  00000000  000000c0  RWIX
  DARAM0                000000c0   0000ff40  0000307a  0000cec6  RWIX
  SARAM0                00010000   00010000  00000000  00010000  RWIX
  SARAM1                00020000   00020000  00000932  0001f6ce  RWIX
  SARAM2                00040000   0000fe00  000000ac  0000fd54  RWIX
  VECS                  0004fe00   00000200  00000100  00000100  RWIX
  PDROM                 00ff8000   00008000  00000000  00008000  R IX

PAGE 2:
  IOPORT                00000000   00020000  00000000  00020000  RWI 


SECTION ALLOCATION MAP
(Addresses surrounded by []'s are displayed for convenience only!)

output                                                          attributes/
section   page  orgn(bytes) orgn(words) len(bytes) len(words)   input sections
--------  ----  ----------- ----------- ---------- ----------   --------------
.pinit       0   [ 00040000 ]  00020000          *   00000000   UNINITIALIZED

.stack       0   [ 000000c0 ]  00000060          *   00001000   UNINITIALIZED
                 [ 000000c0 ]  00000060          *   00001000   --HOLE--

.data        0   [ 000000c0 ]  00000060          *   00000000   UNINITIALIZED

.sysstack 
*            0   [ 000020c0 ]  00001060          *   00000800   UNINITIALIZED
                 [ 000020c0 ]  00001060          *   00000800   --HOLE--

.bss         0   [ 000030c0 ]  00001860          *   0000003d   UNINITIALIZED
                 [ 000030c0 ]  00001860          *   00000034   main.obj (.bss)
                 [ 00003128 ]  00001894          *   00000004   rts55x.lib : _lock.obj (.bss)
                 [ 00003130 ]  00001898          *   00000004              : exit.obj (.bss)
                 [ 00003138 ]  0000189c          *   00000001   usbstk5515_i2c.obj (.bss)

.text        0     00020000  [ 00010000 ] 00000932          *   
                   00020000  [ 00010000 ] 00000305          *   main.obj (.text)
                   00020305  [ 00010182+] 000001c9          *   usbstk5515_led.obj (.text)
                   000204ce  [ 00010267 ] 00000156          *   usbstk5515_gpio.obj (.text)
                   00020624  [ 00010312 ] 0000013e          *   usbstk5515_i2c.obj (.text)
                   00020762  [ 000103b1 ] 00000056          *   Functions.obj (.text)
                   000207b8  [ 000103dc ] 00000054          *   usbstk5515.obj (.text)
                   0002080c  [ 00010406 ] 0000004d          *   rts55x.lib : autoinit.obj (.text)
                   00020859  [ 0001042c+] 0000004b          *              : args_main.obj (.text)
                   000208a4  [ 00010452 ] 0000003e          *              : exit.obj (.text)
                   000208e2  [ 00010471 ] 00000034          *              : boot.obj (.text)
                   00020916  [ 0001048b ] 00000012          *              : _lock.obj (.text)
                   00020928  [ 00010494 ] 00000007          *              : exit.obj (.text:CIO_breakpoint)
                   0002092f  [ 00010497+] 00000002          *              : vectors.obj (.text)
                   00020931  [ 00010498 ] 00000001          *   --HOLE-- [fill = 20]

.cinit       0   [ 00040000 ]  00020000          *   00000056   
                 [ 00040000 ]  00020000          *   0000003d   main.obj (.cinit)
                 [ 0004007a ]  0002003d          *   0000000a   rts55x.lib : _lock.obj (.cinit)
                 [ 0004008e ]  00020047          *   0000000a              : exit.obj (.cinit)
                 [ 000400a2 ]  00020051          *   00000004   usbstk5515_i2c.obj (.cinit)
                 [ 000400aa ]  00020055          *   00000001   --HOLE-- [fill = 0]

vectors      0     0004fe00  [ 00027f00 ] 00000100          *   
                   0004fe00  [ 00027f00 ] 00000100          *   rts55x.lib : vectors.obj (vectors)


GLOBAL SYMBOLS: SORTED ALPHABETICALLY BY Name 

abs. value/
byte addr   word addr   name
---------   ---------   ----
00000002                $TI_capability$C5500$CallingConvention
00000002                $TI_capability$C5500$MemoryModel
00000001                $TI_capability_requires_rev3
ffffffff                .bss
ffffffff                .data
ffffffff                .text
00020929                C$$EXIT
00020022                _AIC3204_Init
00020000                _AIC3204_rset
            00001863    _BCLK
            00001864    _BCLKN
            00001862    _Dhigh
            00001861    _Dlow
00020762                _FIR
00020784                _FXLMS
            00001860    _J
            00001865    _Reg11
            00001866    _Reg12
            00001867    _Reg13
            00001868    _Reg14
            00001869    _Reg18
            0000186a    _Reg19
            0000186b    _Reg20
0004fe00                _Reset
000205cc                _USBSTK5515_GPIO_getInput
000204ce                _USBSTK5515_GPIO_init
000204d2                _USBSTK5515_GPIO_setDirection
0002054f                _USBSTK5515_GPIO_setOutput
00020643                _USBSTK5515_I2C_close
00020624                _USBSTK5515_I2C_init
000206e9                _USBSTK5515_I2C_read
0002064c                _USBSTK5515_I2C_reset
0002065a                _USBSTK5515_I2C_write
00020305                _USBSTK5515_LED_init
00020321                _USBSTK5515_LED_off
00020310                _USBSTK5515_LED_on
00020361                _USBSTK5515_ULED_getall
00020332                _USBSTK5515_ULED_init
00020456                _USBSTK5515_ULED_off
00020421                _USBSTK5515_ULED_on
000203b3                _USBSTK5515_ULED_setall
00020489                _USBSTK5515_ULED_toggle
000207fe                _USBSTK5515_init
000207b8                _USBSTK5515_wait
000207ec                _USBSTK5515_waitusec
            00001060    __STACK_END
00002000                __STACK_SIZE
00001000                __SYSSTACK_SIZE
ffffffff                ___binit__
ffffffff                ___bss__
ffffffff                ___c_args__
            00020000    ___cinit__
ffffffff                ___data__
ffffffff                ___edata__
ffffffff                ___end__
ffffffff                ___etext__
ffffffff                ___pinit__
ffffffff                ___text__
00020859                __args_main
            00001898    __cleanup_ptr
            0000189a    __dtors_ptr
            00001894    __lock
00020926                __nop
0002091e                __register_lock
00020916                __register_unlock
            00000060    __stack
            00001060    __sysstack
            00001896    __unlock
00020928                _abort
0002080c                _auto_init
            00001875    _b
            0000188a    _bLMS
000208e2                _c_int00
000201d3                _codec_init
            00001892    _constants
            0000186c    _data1
            0000186d    _data2
            0000186e    _data3
            0000186f    _data4
            00001891    _e
000208a4                _exit
            00001884    _i
            0000189c    _i2c_timeout
            00001890    _iLMS
000202a1                _initAll
00020230                _main
            0000188f    _u
            00001870    _x
            00001885    _xLMS
            0000187f    _y
ffffffff                binit
            00020000    cinit
ffffffff                edata
ffffffff                end
ffffffff                etext
ffffffff                pinit


GLOBAL SYMBOLS: SORTED BY Symbol Address 

abs. value/
byte addr   word addr   name
---------   ---------   ----
00000001                $TI_capability_requires_rev3
00000002                $TI_capability$C5500$CallingConvention
00000002                $TI_capability$C5500$MemoryModel
            00000060    __stack
00001000                __SYSSTACK_SIZE
00002000                __STACK_SIZE
            00001060    __STACK_END
            00001060    __sysstack
            00001860    _J
            00001861    _Dlow
            00001862    _Dhigh
            00001863    _BCLK
            00001864    _BCLKN
            00001865    _Reg11
            00001866    _Reg12
            00001867    _Reg13
            00001868    _Reg14
            00001869    _Reg18
            0000186a    _Reg19
            0000186b    _Reg20
            0000186c    _data1
            0000186d    _data2
            0000186e    _data3
            0000186f    _data4
            00001870    _x
            00001875    _b
            0000187f    _y
            00001884    _i
            00001885    _xLMS
            0000188a    _bLMS
            0000188f    _u
            00001890    _iLMS
            00001891    _e
            00001892    _constants
            00001894    __lock
            00001896    __unlock
            00001898    __cleanup_ptr
            0000189a    __dtors_ptr
            0000189c    _i2c_timeout
00020000                _AIC3204_rset
00020022                _AIC3204_Init
000201d3                _codec_init
00020230                _main
000202a1                _initAll
00020305                _USBSTK5515_LED_init
00020310                _USBSTK5515_LED_on
00020321                _USBSTK5515_LED_off
00020332                _USBSTK5515_ULED_init
00020361                _USBSTK5515_ULED_getall
000203b3                _USBSTK5515_ULED_setall
00020421                _USBSTK5515_ULED_on
00020456                _USBSTK5515_ULED_off
00020489                _USBSTK5515_ULED_toggle
000204ce                _USBSTK5515_GPIO_init
000204d2                _USBSTK5515_GPIO_setDirection
0002054f                _USBSTK5515_GPIO_setOutput
000205cc                _USBSTK5515_GPIO_getInput
00020624                _USBSTK5515_I2C_init
00020643                _USBSTK5515_I2C_close
0002064c                _USBSTK5515_I2C_reset
0002065a                _USBSTK5515_I2C_write
000206e9                _USBSTK5515_I2C_read
00020762                _FIR
00020784                _FXLMS
000207b8                _USBSTK5515_wait
000207ec                _USBSTK5515_waitusec
000207fe                _USBSTK5515_init
0002080c                _auto_init
00020859                __args_main
000208a4                _exit
000208e2                _c_int00
00020916                __register_unlock
0002091e                __register_lock
00020926                __nop
00020928                _abort
00020929                C$$EXIT
            00020000    ___cinit__
            00020000    cinit
0004fe00                _Reset
ffffffff                .bss
ffffffff                .data
ffffffff                .text
ffffffff                ___binit__
ffffffff                ___bss__
ffffffff                ___c_args__
ffffffff                ___data__
ffffffff                ___edata__
ffffffff                ___end__
ffffffff                ___etext__
ffffffff                ___pinit__
ffffffff                ___text__
ffffffff                binit
ffffffff                edata
ffffffff                end
ffffffff                etext
ffffffff                pinit

[96 symbols]
