******************************************************************************
              TMS320C55x Linker PC v4.3.8                      
******************************************************************************
>> Linked Mon Nov 07 17:20:10 2016

OUTPUT FILE NAME:   <aic3204.out>
ENTRY POINT SYMBOL: "_c_int00"  address: 0002089c


MEMORY CONFIGURATION

         name            origin    length      used     unused   attr    fill
                        (bytes)   (bytes)    (bytes)   (bytes)
----------------------  --------  ---------  --------  --------  ----  --------
PAGE 0:
  MMR                   00000000   000000c0  00000000  000000c0  RWIX
  DARAM0                000000c0   0000ff40  00003630  0000c910  RWIX
  SARAM0                00010000   00010000  00000000  00010000  RWIX
  SARAM1                00020000   00020000  000008ec  0001f714  RWIX
  SARAM2                00040000   0000fe00  0000003a  0000fdc6  RWIX
  VECS                  0004fe00   00000200  00000100  00000100  RWIX
  PDROM                 00ff8000   00008000  00000000  00008000  R IX

PAGE 2:
  IOPORT                00000000   00020000  00000000  00020000  RWI 


SECTION ALLOCATION MAP
(Addresses surrounded by []'s are displayed for convenience only!)

output                                                          attributes/
section   page  orgn(bytes) orgn(words) len(bytes) len(words)   input sections
--------  ----  ----------- ----------- ---------- ----------   --------------
.pinit       0   [ 00040000 ]  00020000          *   00000000   UNINITIALIZED

.stack       0   [ 000000c0 ]  00000060          *   00001000   UNINITIALIZED
                 [ 000000c0 ]  00000060          *   00001000   --HOLE--

.data        0   [ 000000c0 ]  00000060          *   00000000   UNINITIALIZED

.sysstack 
*            0   [ 000020c0 ]  00001060          *   00000800   UNINITIALIZED
                 [ 000020c0 ]  00001060          *   00000800   --HOLE--

.bss         0   [ 000030c0 ]  00001860          *   00000318   UNINITIALIZED
                 [ 000030c0 ]  00001860          *   0000030f   main.obj (.bss)
                 [ 000036de ]  00001b6f          *   00000001   usbstk5515_i2c.obj (.bss)
                 [ 000036e0 ]  00001b70          *   00000004   rts55x_eh.lib : _lock.obj (.bss)
                 [ 000036e8 ]  00001b74          *   00000004                 : exit.obj (.bss)

.text        0     00020000  [ 00010000 ] 000008ec          *   
                   00020000  [ 00010000 ] 00000315          *   main.obj (.text)
                   00020315  [ 0001018a+] 000001c9          *   usbstk5515_led.obj (.text)
                   000204de  [ 0001026f ] 00000156          *   usbstk5515_gpio.obj (.text)
                   00020634  [ 0001031a ] 0000013e          *   usbstk5515_i2c.obj (.text)
                   00020772  [ 000103b9 ] 00000054          *   usbstk5515.obj (.text)
                   000207c6  [ 000103e3 ] 0000004d          *   rts55x_eh.lib : autoinit.obj (.text)
                   00020813  [ 00010409+] 0000004b          *                 : args_main.obj (.text)
                   0002085e  [ 0001042f ] 0000003e          *                 : exit.obj (.text)
                   0002089c  [ 0001044e ] 00000034          *                 : boot.obj (.text)
                   000208d0  [ 00010468 ] 00000012          *                 : _lock.obj (.text)
                   000208e2  [ 00010471 ] 00000007          *                 : exit.obj (.text:CIO_breakpoint)
                   000208e9  [ 00010474+] 00000002          *                 : vectors.obj (.text)
                   000208eb  [ 00010475 ] 00000001          *   --HOLE-- [fill = 20]

.cinit       0   [ 00040000 ]  00020000          *   0000001d   
                 [ 00040000 ]  00020000          *   0000000a   rts55x_eh.lib : _lock.obj (.cinit)
                 [ 00040014 ]  0002000a          *   0000000a                 : exit.obj (.cinit)
                 [ 00040028 ]  00020014          *   00000004   main.obj (.cinit)
                 [ 00040030 ]  00020018          *   00000004   usbstk5515_i2c.obj (.cinit)
                 [ 00040038 ]  0002001c          *   00000001   --HOLE-- [fill = 0]

vectors      0     0004fe00  [ 00027f00 ] 00000100          *   
                   0004fe00  [ 00027f00 ] 00000100          *   rts55x_eh.lib : vectors.obj (vectors)


GLOBAL SYMBOLS: SORTED ALPHABETICALLY BY Name 

abs. value/
byte addr   word addr   name
---------   ---------   ----
00000002                $TI_capability$C5500$CallingConvention
00000002                $TI_capability$C5500$MemoryModel
00000001                $TI_capability_requires_rev3
ffffffff                .bss
ffffffff                .data
ffffffff                .text
000208e3                C$$EXIT
00020022                _AIC3204_Init
00020000                _AIC3204_rset
            00001863    _BCLK
            00001864    _BCLKN
            00001862    _Dhigh
            00001861    _Dlow
            00001860    _J
            00001865    _Reg11
            00001866    _Reg12
            00001867    _Reg13
            00001868    _Reg14
            00001869    _Reg18
            0000186a    _Reg19
            0000186b    _Reg20
0004fe00                _Reset
000205dc                _USBSTK5515_GPIO_getInput
000204de                _USBSTK5515_GPIO_init
000204e2                _USBSTK5515_GPIO_setDirection
0002055f                _USBSTK5515_GPIO_setOutput
00020653                _USBSTK5515_I2C_close
00020634                _USBSTK5515_I2C_init
000206f9                _USBSTK5515_I2C_read
0002065c                _USBSTK5515_I2C_reset
0002066a                _USBSTK5515_I2C_write
00020315                _USBSTK5515_LED_init
00020331                _USBSTK5515_LED_off
00020320                _USBSTK5515_LED_on
00020371                _USBSTK5515_ULED_getall
00020342                _USBSTK5515_ULED_init
00020466                _USBSTK5515_ULED_off
00020431                _USBSTK5515_ULED_on
000203c3                _USBSTK5515_ULED_setall
00020499                _USBSTK5515_ULED_toggle
000207b8                _USBSTK5515_init
00020772                _USBSTK5515_wait
000207a6                _USBSTK5515_waitusec
            00001060    __STACK_END
00002000                __STACK_SIZE
00001000                __SYSSTACK_SIZE
ffffffff                ___binit__
ffffffff                ___bss__
ffffffff                ___c_args__
            00020000    ___cinit__
ffffffff                ___data__
ffffffff                ___edata__
ffffffff                ___end__
ffffffff                ___etext__
ffffffff                ___pinit__
ffffffff                ___text__
00020813                __args_main
            00001b74    __cleanup_ptr
            00001b76    __dtors_ptr
            00001b70    __lock
000208e0                __nop
000208d8                __register_lock
000208d0                __register_unlock
            00000060    __stack
            00001060    __sysstack
            00001b72    __unlock
000208e2                _abort
000207c6                _auto_init
            00001970    _b
0002089c                _c_int00
000201d3                _codec_init
            0000186c    _data1
            0000186d    _data2
            0000186e    _data3
            0000186f    _data4
0002085e                _exit
            00001b6e    _i
            00001b6f    _i2c_timeout
000202d3                _initAll
            00001870    _k
00020230                _main
            00001871    _x
            00001a6f    _y
ffffffff                binit
            00020000    cinit
ffffffff                edata
ffffffff                end
ffffffff                etext
ffffffff                pinit


GLOBAL SYMBOLS: SORTED BY Symbol Address 

abs. value/
byte addr   word addr   name
---------   ---------   ----
00000001                $TI_capability_requires_rev3
00000002                $TI_capability$C5500$CallingConvention
00000002                $TI_capability$C5500$MemoryModel
            00000060    __stack
00001000                __SYSSTACK_SIZE
00002000                __STACK_SIZE
            00001060    __STACK_END
            00001060    __sysstack
            00001860    _J
            00001861    _Dlow
            00001862    _Dhigh
            00001863    _BCLK
            00001864    _BCLKN
            00001865    _Reg11
            00001866    _Reg12
            00001867    _Reg13
            00001868    _Reg14
            00001869    _Reg18
            0000186a    _Reg19
            0000186b    _Reg20
            0000186c    _data1
            0000186d    _data2
            0000186e    _data3
            0000186f    _data4
            00001870    _k
            00001871    _x
            00001970    _b
            00001a6f    _y
            00001b6e    _i
            00001b6f    _i2c_timeout
            00001b70    __lock
            00001b72    __unlock
            00001b74    __cleanup_ptr
            00001b76    __dtors_ptr
00020000                _AIC3204_rset
00020022                _AIC3204_Init
000201d3                _codec_init
00020230                _main
000202d3                _initAll
00020315                _USBSTK5515_LED_init
00020320                _USBSTK5515_LED_on
00020331                _USBSTK5515_LED_off
00020342                _USBSTK5515_ULED_init
00020371                _USBSTK5515_ULED_getall
000203c3                _USBSTK5515_ULED_setall
00020431                _USBSTK5515_ULED_on
00020466                _USBSTK5515_ULED_off
00020499                _USBSTK5515_ULED_toggle
000204de                _USBSTK5515_GPIO_init
000204e2                _USBSTK5515_GPIO_setDirection
0002055f                _USBSTK5515_GPIO_setOutput
000205dc                _USBSTK5515_GPIO_getInput
00020634                _USBSTK5515_I2C_init
00020653                _USBSTK5515_I2C_close
0002065c                _USBSTK5515_I2C_reset
0002066a                _USBSTK5515_I2C_write
000206f9                _USBSTK5515_I2C_read
00020772                _USBSTK5515_wait
000207a6                _USBSTK5515_waitusec
000207b8                _USBSTK5515_init
000207c6                _auto_init
00020813                __args_main
0002085e                _exit
0002089c                _c_int00
000208d0                __register_unlock
000208d8                __register_lock
000208e0                __nop
000208e2                _abort
000208e3                C$$EXIT
            00020000    ___cinit__
            00020000    cinit
0004fe00                _Reset
ffffffff                .bss
ffffffff                .data
ffffffff                .text
ffffffff                ___binit__
ffffffff                ___bss__
ffffffff                ___c_args__
ffffffff                ___data__
ffffffff                ___edata__
ffffffff                ___end__
ffffffff                ___etext__
ffffffff                ___pinit__
ffffffff                ___text__
ffffffff                binit
ffffffff                edata
ffffffff                end
ffffffff                etext
ffffffff                pinit

[89 symbols]
