******************************************************************************
              TMS320C55x Linker PC v4.3.8                      
******************************************************************************
>> Linked Thu Nov 10 14:21:00 2016

OUTPUT FILE NAME:   <aic3204.out>
ENTRY POINT SYMBOL: "_c_int00"  address: 00020949


MEMORY CONFIGURATION

         name            origin    length      used     unused   attr    fill
                        (bytes)   (bytes)    (bytes)   (bytes)
----------------------  --------  ---------  --------  --------  ----  --------
PAGE 0:
  MMR                   00000000   000000c0  00000000  000000c0  RWIX
  DARAM0                000000c0   0000ff40  0000307a  0000cec6  RWIX
  SARAM0                00010000   00010000  00000000  00010000  RWIX
  SARAM1                00020000   00020000  00000999  0001f667  RWIX
  SARAM2                00040000   0000fe00  000000ac  0000fd54  RWIX
  VECS                  0004fe00   00000200  00000100  00000100  RWIX
  PDROM                 00ff8000   00008000  00000000  00008000  R IX

PAGE 2:
  IOPORT                00000000   00020000  00000000  00020000  RWI 


SECTION ALLOCATION MAP
(Addresses surrounded by []'s are displayed for convenience only!)

output                                                          attributes/
section   page  orgn(bytes) orgn(words) len(bytes) len(words)   input sections
--------  ----  ----------- ----------- ---------- ----------   --------------
.pinit       0   [ 00040000 ]  00020000          *   00000000   UNINITIALIZED

.stack       0   [ 000000c0 ]  00000060          *   00001000   UNINITIALIZED
                 [ 000000c0 ]  00000060          *   00001000   --HOLE--

.data        0   [ 000000c0 ]  00000060          *   00000000   UNINITIALIZED

.sysstack 
*            0   [ 000020c0 ]  00001060          *   00000800   UNINITIALIZED
                 [ 000020c0 ]  00001060          *   00000800   --HOLE--

.bss         0   [ 000030c0 ]  00001860          *   0000003d   UNINITIALIZED
                 [ 000030c0 ]  00001860          *   00000034   main.obj (.bss)
                 [ 00003128 ]  00001894          *   00000004   rts55x.lib : _lock.obj (.bss)
                 [ 00003130 ]  00001898          *   00000004              : exit.obj (.bss)
                 [ 00003138 ]  0000189c          *   00000001   usbstk5515_i2c.obj (.bss)

.text        0     00020000  [ 00010000 ] 00000999          *   
                   00020000  [ 00010000 ] 0000036c          *   main.obj (.text)
                   0002036c  [ 000101b6 ] 000001c9          *   usbstk5515_led.obj (.text)
                   00020535  [ 0001029a+] 00000156          *   usbstk5515_gpio.obj (.text)
                   0002068b  [ 00010345+] 0000013e          *   usbstk5515_i2c.obj (.text)
                   000207c9  [ 000103e4+] 00000056          *   Functions.obj (.text)
                   0002081f  [ 0001040f+] 00000054          *   usbstk5515.obj (.text)
                   00020873  [ 00010439+] 0000004d          *   rts55x.lib : autoinit.obj (.text)
                   000208c0  [ 00010460 ] 0000004b          *              : args_main.obj (.text)
                   0002090b  [ 00010485+] 0000003e          *              : exit.obj (.text)
                   00020949  [ 000104a4+] 00000034          *              : boot.obj (.text)
                   0002097d  [ 000104be+] 00000012          *              : _lock.obj (.text)
                   0002098f  [ 000104c7+] 00000007          *              : exit.obj (.text:CIO_breakpoint)
                   00020996  [ 000104cb ] 00000002          *              : vectors.obj (.text)
                   00020998  [ 000104cc ] 00000001          *   --HOLE-- [fill = 20]

.cinit       0   [ 00040000 ]  00020000          *   00000056   
                 [ 00040000 ]  00020000          *   0000003d   main.obj (.cinit)
                 [ 0004007a ]  0002003d          *   0000000a   rts55x.lib : _lock.obj (.cinit)
                 [ 0004008e ]  00020047          *   0000000a              : exit.obj (.cinit)
                 [ 000400a2 ]  00020051          *   00000004   usbstk5515_i2c.obj (.cinit)
                 [ 000400aa ]  00020055          *   00000001   --HOLE-- [fill = 0]

vectors      0     0004fe00  [ 00027f00 ] 00000100          *   
                   0004fe00  [ 00027f00 ] 00000100          *   rts55x.lib : vectors.obj (vectors)


GLOBAL SYMBOLS: SORTED ALPHABETICALLY BY Name 

abs. value/
byte addr   word addr   name
---------   ---------   ----
00000002                $TI_capability$C5500$CallingConvention
00000002                $TI_capability$C5500$MemoryModel
00000001                $TI_capability_requires_rev3
ffffffff                .bss
ffffffff                .data
ffffffff                .text
00020990                C$$EXIT
00020022                _AIC3204_Init
00020000                _AIC3204_rset
            00001863    _BCLK
            00001864    _BCLKN
            00001862    _Dhigh
            00001861    _Dlow
000207c9                _FIR
000207eb                _FXLMS
            00001860    _J
            00001865    _Reg11
            00001866    _Reg12
            00001867    _Reg13
            00001868    _Reg14
            00001869    _Reg18
            0000186a    _Reg19
            0000186b    _Reg20
0004fe00                _Reset
00020633                _USBSTK5515_GPIO_getInput
00020535                _USBSTK5515_GPIO_init
00020539                _USBSTK5515_GPIO_setDirection
000205b6                _USBSTK5515_GPIO_setOutput
000206aa                _USBSTK5515_I2C_close
0002068b                _USBSTK5515_I2C_init
00020750                _USBSTK5515_I2C_read
000206b3                _USBSTK5515_I2C_reset
000206c1                _USBSTK5515_I2C_write
0002036c                _USBSTK5515_LED_init
00020388                _USBSTK5515_LED_off
00020377                _USBSTK5515_LED_on
000203c8                _USBSTK5515_ULED_getall
00020399                _USBSTK5515_ULED_init
000204bd                _USBSTK5515_ULED_off
00020488                _USBSTK5515_ULED_on
0002041a                _USBSTK5515_ULED_setall
000204f0                _USBSTK5515_ULED_toggle
00020865                _USBSTK5515_init
0002081f                _USBSTK5515_wait
00020853                _USBSTK5515_waitusec
            00001060    __STACK_END
00002000                __STACK_SIZE
00001000                __SYSSTACK_SIZE
ffffffff                ___binit__
ffffffff                ___bss__
ffffffff                ___c_args__
            00020000    ___cinit__
ffffffff                ___data__
ffffffff                ___edata__
ffffffff                ___end__
ffffffff                ___etext__
ffffffff                ___pinit__
ffffffff                ___text__
000208c0                __args_main
            00001898    __cleanup_ptr
            0000189a    __dtors_ptr
            00001894    __lock
0002098d                __nop
00020985                __register_lock
0002097d                __register_unlock
            00000060    __stack
            00001060    __sysstack
            00001896    __unlock
0002098f                _abort
00020873                _auto_init
            00001875    _b
            0000188a    _bLMS
00020949                _c_int00
000201d3                _codec_init
            00001892    _constants
            0000186c    _data1
            0000186d    _data2
            0000186e    _data3
            0000186f    _data4
            00001891    _e
0002090b                _exit
            00001884    _i
            0000189c    _i2c_timeout
            00001890    _iLMS
00020308                _initAll
00020230                _main
            0000188f    _u
            00001870    _x
            00001885    _xLMS
            0000187f    _y
ffffffff                binit
            00020000    cinit
ffffffff                edata
ffffffff                end
ffffffff                etext
ffffffff                pinit


GLOBAL SYMBOLS: SORTED BY Symbol Address 

abs. value/
byte addr   word addr   name
---------   ---------   ----
00000001                $TI_capability_requires_rev3
00000002                $TI_capability$C5500$CallingConvention
00000002                $TI_capability$C5500$MemoryModel
            00000060    __stack
00001000                __SYSSTACK_SIZE
00002000                __STACK_SIZE
            00001060    __STACK_END
            00001060    __sysstack
            00001860    _J
            00001861    _Dlow
            00001862    _Dhigh
            00001863    _BCLK
            00001864    _BCLKN
            00001865    _Reg11
            00001866    _Reg12
            00001867    _Reg13
            00001868    _Reg14
            00001869    _Reg18
            0000186a    _Reg19
            0000186b    _Reg20
            0000186c    _data1
            0000186d    _data2
            0000186e    _data3
            0000186f    _data4
            00001870    _x
            00001875    _b
            0000187f    _y
            00001884    _i
            00001885    _xLMS
            0000188a    _bLMS
            0000188f    _u
            00001890    _iLMS
            00001891    _e
            00001892    _constants
            00001894    __lock
            00001896    __unlock
            00001898    __cleanup_ptr
            0000189a    __dtors_ptr
            0000189c    _i2c_timeout
00020000                _AIC3204_rset
00020022                _AIC3204_Init
000201d3                _codec_init
00020230                _main
00020308                _initAll
0002036c                _USBSTK5515_LED_init
00020377                _USBSTK5515_LED_on
00020388                _USBSTK5515_LED_off
00020399                _USBSTK5515_ULED_init
000203c8                _USBSTK5515_ULED_getall
0002041a                _USBSTK5515_ULED_setall
00020488                _USBSTK5515_ULED_on
000204bd                _USBSTK5515_ULED_off
000204f0                _USBSTK5515_ULED_toggle
00020535                _USBSTK5515_GPIO_init
00020539                _USBSTK5515_GPIO_setDirection
000205b6                _USBSTK5515_GPIO_setOutput
00020633                _USBSTK5515_GPIO_getInput
0002068b                _USBSTK5515_I2C_init
000206aa                _USBSTK5515_I2C_close
000206b3                _USBSTK5515_I2C_reset
000206c1                _USBSTK5515_I2C_write
00020750                _USBSTK5515_I2C_read
000207c9                _FIR
000207eb                _FXLMS
0002081f                _USBSTK5515_wait
00020853                _USBSTK5515_waitusec
00020865                _USBSTK5515_init
00020873                _auto_init
000208c0                __args_main
0002090b                _exit
00020949                _c_int00
0002097d                __register_unlock
00020985                __register_lock
0002098d                __nop
0002098f                _abort
00020990                C$$EXIT
            00020000    ___cinit__
            00020000    cinit
0004fe00                _Reset
ffffffff                .bss
ffffffff                .data
ffffffff                .text
ffffffff                ___binit__
ffffffff                ___bss__
ffffffff                ___c_args__
ffffffff                ___data__
ffffffff                ___edata__
ffffffff                ___end__
ffffffff                ___etext__
ffffffff                ___pinit__
ffffffff                ___text__
ffffffff                binit
ffffffff                edata
ffffffff                end
ffffffff                etext
ffffffff                pinit

[96 symbols]
