******************************************************************************
              TMS320C55x Linker PC v4.3.8                      
******************************************************************************
>> Linked Wed Nov 09 16:28:39 2016

OUTPUT FILE NAME:   <aic3204.out>
ENTRY POINT SYMBOL: "_c_int00"  address: 000208cc


MEMORY CONFIGURATION

         name            origin    length      used     unused   attr    fill
                        (bytes)   (bytes)    (bytes)   (bytes)
----------------------  --------  ---------  --------  --------  ----  --------
PAGE 0:
  MMR                   00000000   000000c0  00000000  000000c0  RWIX
  DARAM0                000000c0   0000ff40  00003074  0000cecc  RWIX
  SARAM0                00010000   00010000  00000000  00010000  RWIX
  SARAM1                00020000   00020000  0000093e  0001f6c2  RWIX
  SARAM2                00040000   0000fe00  00000054  0000fdac  RWIX
  VECS                  0004fe00   00000200  00000100  00000100  RWIX
  PDROM                 00ff8000   00008000  00000000  00008000  R IX

PAGE 2:
  IOPORT                00000000   00020000  00000000  00020000  RWI 


SECTION ALLOCATION MAP
(Addresses surrounded by []'s are displayed for convenience only!)

output                                                          attributes/
section   page  orgn(bytes) orgn(words) len(bytes) len(words)   input sections
--------  ----  ----------- ----------- ---------- ----------   --------------
.pinit       0   [ 00040000 ]  00020000          *   00000000   UNINITIALIZED

.stack       0   [ 000000c0 ]  00000060          *   00001000   UNINITIALIZED
                 [ 000000c0 ]  00000060          *   00001000   --HOLE--

.data        0   [ 000000c0 ]  00000060          *   00000000   UNINITIALIZED

.sysstack 
*            0   [ 000020c0 ]  00001060          *   00000800   UNINITIALIZED
                 [ 000020c0 ]  00001060          *   00000800   --HOLE--

.bss         0   [ 000030c0 ]  00001860          *   0000003a   UNINITIALIZED
                 [ 000030c0 ]  00001860          *   00000031   main.obj (.bss)
                 [ 00003122 ]  00001891          *   00000001   usbstk5515_i2c.obj (.bss)
                 [ 00003124 ]  00001892          *   00000004   rts55x.lib : _lock.obj (.bss)
                 [ 0000312c ]  00001896          *   00000004              : exit.obj (.bss)

.text        0     00020000  [ 00010000 ] 0000093e          *   
                   00020000  [ 00010000 ] 00000345          *   main.obj (.text)
                   00020345  [ 000101a2+] 000001c9          *   usbstk5515_led.obj (.text)
                   0002050e  [ 00010287 ] 00000156          *   usbstk5515_gpio.obj (.text)
                   00020664  [ 00010332 ] 0000013e          *   usbstk5515_i2c.obj (.text)
                   000207a2  [ 000103d1 ] 00000054          *   usbstk5515.obj (.text)
                   000207f6  [ 000103fb ] 0000004d          *   rts55x.lib : autoinit.obj (.text)
                   00020843  [ 00010421+] 0000004b          *              : args_main.obj (.text)
                   0002088e  [ 00010447 ] 0000003e          *              : exit.obj (.text)
                   000208cc  [ 00010466 ] 00000034          *              : boot.obj (.text)
                   00020900  [ 00010480 ] 00000022          *   FIRFunction.obj (.text)
                   00020922  [ 00010491 ] 00000012          *   rts55x.lib : _lock.obj (.text)
                   00020934  [ 0001049a ] 00000007          *              : exit.obj (.text:CIO_breakpoint)
                   0002093b  [ 0001049d+] 00000002          *              : vectors.obj (.text)
                   0002093d  [ 0001049e ] 00000001          *   --HOLE-- [fill = 20]

.cinit       0   [ 00040000 ]  00020000          *   0000002a   
                 [ 00040000 ]  00020000          *   00000011   main.obj (.cinit)
                 [ 00040022 ]  00020011          *   0000000a   rts55x.lib : _lock.obj (.cinit)
                 [ 00040036 ]  0002001b          *   0000000a              : exit.obj (.cinit)
                 [ 0004004a ]  00020025          *   00000004   usbstk5515_i2c.obj (.cinit)
                 [ 00040052 ]  00020029          *   00000001   --HOLE-- [fill = 0]

vectors      0     0004fe00  [ 00027f00 ] 00000100          *   
                   0004fe00  [ 00027f00 ] 00000100          *   rts55x.lib : vectors.obj (vectors)


GLOBAL SYMBOLS: SORTED ALPHABETICALLY BY Name 

abs. value/
byte addr   word addr   name
---------   ---------   ----
00000002                $TI_capability$C5500$CallingConvention
00000002                $TI_capability$C5500$MemoryModel
00000001                $TI_capability_requires_rev3
ffffffff                .bss
ffffffff                .data
ffffffff                .text
00020935                C$$EXIT
00020022                _AIC3204_Init
00020000                _AIC3204_rset
            00001863    _BCLK
            00001864    _BCLKN
            00001862    _Dhigh
            00001861    _Dlow
00020900                _FIR
            00001860    _J
            00001865    _Reg11
            00001866    _Reg12
            00001867    _Reg13
            00001868    _Reg14
            00001869    _Reg18
            0000186a    _Reg19
            0000186b    _Reg20
0004fe00                _Reset
0002060c                _USBSTK5515_GPIO_getInput
0002050e                _USBSTK5515_GPIO_init
00020512                _USBSTK5515_GPIO_setDirection
0002058f                _USBSTK5515_GPIO_setOutput
00020683                _USBSTK5515_I2C_close
00020664                _USBSTK5515_I2C_init
00020729                _USBSTK5515_I2C_read
0002068c                _USBSTK5515_I2C_reset
0002069a                _USBSTK5515_I2C_write
00020345                _USBSTK5515_LED_init
00020361                _USBSTK5515_LED_off
00020350                _USBSTK5515_LED_on
000203a1                _USBSTK5515_ULED_getall
00020372                _USBSTK5515_ULED_init
00020496                _USBSTK5515_ULED_off
00020461                _USBSTK5515_ULED_on
000203f3                _USBSTK5515_ULED_setall
000204c9                _USBSTK5515_ULED_toggle
000207e8                _USBSTK5515_init
000207a2                _USBSTK5515_wait
000207d6                _USBSTK5515_waitusec
            00001060    __STACK_END
00002000                __STACK_SIZE
00001000                __SYSSTACK_SIZE
ffffffff                ___binit__
ffffffff                ___bss__
ffffffff                ___c_args__
            00020000    ___cinit__
ffffffff                ___data__
ffffffff                ___edata__
ffffffff                ___end__
ffffffff                ___etext__
ffffffff                ___pinit__
ffffffff                ___text__
00020843                __args_main
            00001896    __cleanup_ptr
            00001898    __dtors_ptr
            00001892    __lock
00020932                __nop
0002092a                __register_lock
00020922                __register_unlock
            00000060    __stack
            00001060    __sysstack
            00001894    __unlock
00020934                _abort
000207f6                _auto_init
            0000187c    _b
000208cc                _c_int00
000201d3                _codec_init
            0000186c    _data1
            0000186d    _data2
            0000186e    _data3
            0000186f    _data4
            00001871    _delayVar1
0002088e                _exit
            00001890    _i
            00001891    _i2c_timeout
00020310                _initAll
            00001870    _k
00020230                _main
            00001872    _x
            00001886    _y
ffffffff                binit
            00020000    cinit
ffffffff                edata
ffffffff                end
ffffffff                etext
ffffffff                pinit


GLOBAL SYMBOLS: SORTED BY Symbol Address 

abs. value/
byte addr   word addr   name
---------   ---------   ----
00000001                $TI_capability_requires_rev3
00000002                $TI_capability$C5500$CallingConvention
00000002                $TI_capability$C5500$MemoryModel
            00000060    __stack
00001000                __SYSSTACK_SIZE
00002000                __STACK_SIZE
            00001060    __STACK_END
            00001060    __sysstack
            00001860    _J
            00001861    _Dlow
            00001862    _Dhigh
            00001863    _BCLK
            00001864    _BCLKN
            00001865    _Reg11
            00001866    _Reg12
            00001867    _Reg13
            00001868    _Reg14
            00001869    _Reg18
            0000186a    _Reg19
            0000186b    _Reg20
            0000186c    _data1
            0000186d    _data2
            0000186e    _data3
            0000186f    _data4
            00001870    _k
            00001871    _delayVar1
            00001872    _x
            0000187c    _b
            00001886    _y
            00001890    _i
            00001891    _i2c_timeout
            00001892    __lock
            00001894    __unlock
            00001896    __cleanup_ptr
            00001898    __dtors_ptr
00020000                _AIC3204_rset
00020022                _AIC3204_Init
000201d3                _codec_init
00020230                _main
00020310                _initAll
00020345                _USBSTK5515_LED_init
00020350                _USBSTK5515_LED_on
00020361                _USBSTK5515_LED_off
00020372                _USBSTK5515_ULED_init
000203a1                _USBSTK5515_ULED_getall
000203f3                _USBSTK5515_ULED_setall
00020461                _USBSTK5515_ULED_on
00020496                _USBSTK5515_ULED_off
000204c9                _USBSTK5515_ULED_toggle
0002050e                _USBSTK5515_GPIO_init
00020512                _USBSTK5515_GPIO_setDirection
0002058f                _USBSTK5515_GPIO_setOutput
0002060c                _USBSTK5515_GPIO_getInput
00020664                _USBSTK5515_I2C_init
00020683                _USBSTK5515_I2C_close
0002068c                _USBSTK5515_I2C_reset
0002069a                _USBSTK5515_I2C_write
00020729                _USBSTK5515_I2C_read
000207a2                _USBSTK5515_wait
000207d6                _USBSTK5515_waitusec
000207e8                _USBSTK5515_init
000207f6                _auto_init
00020843                __args_main
0002088e                _exit
000208cc                _c_int00
00020900                _FIR
00020922                __register_unlock
0002092a                __register_lock
00020932                __nop
00020934                _abort
00020935                C$$EXIT
            00020000    ___cinit__
            00020000    cinit
0004fe00                _Reset
ffffffff                .bss
ffffffff                .data
ffffffff                .text
ffffffff                ___binit__
ffffffff                ___bss__
ffffffff                ___c_args__
ffffffff                ___data__
ffffffff                ___edata__
ffffffff                ___end__
ffffffff                ___etext__
ffffffff                ___pinit__
ffffffff                ___text__
ffffffff                binit
ffffffff                edata
ffffffff                end
ffffffff                etext
ffffffff                pinit

[91 symbols]
