******************************************************************************
              TMS320C55x Linker PC v4.3.8                      
******************************************************************************
>> Linked Mon Nov 07 15:02:42 2016

OUTPUT FILE NAME:   <aic3204.out>
ENTRY POINT SYMBOL: "_c_int00"  address: 000207eb


MEMORY CONFIGURATION

         name            origin    length      used     unused   attr    fill
                        (bytes)   (bytes)    (bytes)   (bytes)
----------------------  --------  ---------  --------  --------  ----  --------
PAGE 0:
  MMR                   00000000   000000c0  00000000  000000c0  RWIX
  DARAM0                000000c0   0000ff40  00003024  0000cf1c  RWIX
  SARAM0                00010000   00010000  00000000  00010000  RWIX
  SARAM1                00020000   00020000  0000083b  0001f7c5  RWIX
  SARAM2                00040000   0000fe00  00000032  0000fdce  RWIX
  VECS                  0004fe00   00000200  00000100  00000100  RWIX
  PDROM                 00ff8000   00008000  00000000  00008000  R IX

PAGE 2:
  IOPORT                00000000   00020000  00000000  00020000  RWI 


SECTION ALLOCATION MAP
(Addresses surrounded by []'s are displayed for convenience only!)

output                                                          attributes/
section   page  orgn(bytes) orgn(words) len(bytes) len(words)   input sections
--------  ----  ----------- ----------- ---------- ----------   --------------
.pinit       0   [ 00040000 ]  00020000          *   00000000   UNINITIALIZED

.stack       0   [ 000000c0 ]  00000060          *   00001000   UNINITIALIZED
                 [ 000000c0 ]  00000060          *   00001000   --HOLE--

.data        0   [ 000000c0 ]  00000060          *   00000000   UNINITIALIZED

.sysstack 
*            0   [ 000020c0 ]  00001060          *   00000800   UNINITIALIZED
                 [ 000020c0 ]  00001060          *   00000800   --HOLE--

.bss         0   [ 000030c0 ]  00001860          *   00000012   UNINITIALIZED
                 [ 000030c0 ]  00001860          *   00000009   main.obj (.bss)
                 [ 000030d2 ]  00001869          *   00000001   usbstk5515_i2c.obj (.bss)
                 [ 000030d4 ]  0000186a          *   00000004   rts55x_eh.lib : _lock.obj (.bss)
                 [ 000030dc ]  0000186e          *   00000004                 : exit.obj (.bss)

.text        0     00020000  [ 00010000 ] 0000083b          *   
                   00020000  [ 00010000 ] 00000264          *   main.obj (.text)
                   00020264  [ 00010132 ] 000001c9          *   usbstk5515_led.obj (.text)
                   0002042d  [ 00010216+] 00000156          *   usbstk5515_gpio.obj (.text)
                   00020583  [ 000102c1+] 0000013e          *   usbstk5515_i2c.obj (.text)
                   000206c1  [ 00010360+] 00000054          *   usbstk5515.obj (.text)
                   00020715  [ 0001038a+] 0000004d          *   rts55x_eh.lib : autoinit.obj (.text)
                   00020762  [ 000103b1 ] 0000004b          *                 : args_main.obj (.text)
                   000207ad  [ 000103d6+] 0000003e          *                 : exit.obj (.text)
                   000207eb  [ 000103f5+] 00000034          *                 : boot.obj (.text)
                   0002081f  [ 0001040f+] 00000012          *                 : _lock.obj (.text)
                   00020831  [ 00010418+] 00000007          *                 : exit.obj (.text:CIO_breakpoint)
                   00020838  [ 0001041c ] 00000002          *                 : vectors.obj (.text)
                   0002083a  [ 0001041d ] 00000001          *   --HOLE-- [fill = 20]

.cinit       0   [ 00040000 ]  00020000          *   00000019   
                 [ 00040000 ]  00020000          *   0000000a   rts55x_eh.lib : _lock.obj (.cinit)
                 [ 00040014 ]  0002000a          *   0000000a                 : exit.obj (.cinit)
                 [ 00040028 ]  00020014          *   00000004   usbstk5515_i2c.obj (.cinit)
                 [ 00040030 ]  00020018          *   00000001   --HOLE-- [fill = 0]

vectors      0     0004fe00  [ 00027f00 ] 00000100          *   
                   0004fe00  [ 00027f00 ] 00000100          *   rts55x_eh.lib : vectors.obj (vectors)


GLOBAL SYMBOLS: SORTED ALPHABETICALLY BY Name 

abs. value/
byte addr   word addr   name
---------   ---------   ----
00000002                $TI_capability$C5500$CallingConvention
00000002                $TI_capability$C5500$MemoryModel
00000001                $TI_capability_requires_rev3
ffffffff                .bss
ffffffff                .data
ffffffff                .text
00020832                C$$EXIT
00020022                _AIC3204_Init
00020000                _AIC3204_rset
            00001863    _BCLK
            00001864    _BCLKN
            00001862    _Dhigh
            00001861    _Dlow
            00001860    _J
0004fe00                _Reset
0002052b                _USBSTK5515_GPIO_getInput
0002042d                _USBSTK5515_GPIO_init
00020431                _USBSTK5515_GPIO_setDirection
000204ae                _USBSTK5515_GPIO_setOutput
000205a2                _USBSTK5515_I2C_close
00020583                _USBSTK5515_I2C_init
00020648                _USBSTK5515_I2C_read
000205ab                _USBSTK5515_I2C_reset
000205b9                _USBSTK5515_I2C_write
00020264                _USBSTK5515_LED_init
00020280                _USBSTK5515_LED_off
0002026f                _USBSTK5515_LED_on
000202c0                _USBSTK5515_ULED_getall
00020291                _USBSTK5515_ULED_init
000203b5                _USBSTK5515_ULED_off
00020380                _USBSTK5515_ULED_on
00020312                _USBSTK5515_ULED_setall
000203e8                _USBSTK5515_ULED_toggle
00020707                _USBSTK5515_init
000206c1                _USBSTK5515_wait
000206f5                _USBSTK5515_waitusec
            00001060    __STACK_END
00002000                __STACK_SIZE
00001000                __SYSSTACK_SIZE
ffffffff                ___binit__
ffffffff                ___bss__
ffffffff                ___c_args__
            00020000    ___cinit__
ffffffff                ___data__
ffffffff                ___edata__
ffffffff                ___end__
ffffffff                ___etext__
ffffffff                ___pinit__
ffffffff                ___text__
00020762                __args_main
            0000186e    __cleanup_ptr
            00001870    __dtors_ptr
            0000186a    __lock
0002082f                __nop
00020827                __register_lock
0002081f                __register_unlock
            00000060    __stack
            00001060    __sysstack
            0000186c    __unlock
00020831                _abort
00020715                _auto_init
000207eb                _c_int00
000201cd                _codec_init
            00001865    _data1
            00001866    _data2
            00001867    _data3
            00001868    _data4
000207ad                _exit
            00001869    _i2c_timeout
000201fa                _main
ffffffff                binit
            00020000    cinit
ffffffff                edata
ffffffff                end
ffffffff                etext
ffffffff                pinit


GLOBAL SYMBOLS: SORTED BY Symbol Address 

abs. value/
byte addr   word addr   name
---------   ---------   ----
00000001                $TI_capability_requires_rev3
00000002                $TI_capability$C5500$CallingConvention
00000002                $TI_capability$C5500$MemoryModel
            00000060    __stack
00001000                __SYSSTACK_SIZE
00002000                __STACK_SIZE
            00001060    __STACK_END
            00001060    __sysstack
            00001860    _J
            00001861    _Dlow
            00001862    _Dhigh
            00001863    _BCLK
            00001864    _BCLKN
            00001865    _data1
            00001866    _data2
            00001867    _data3
            00001868    _data4
            00001869    _i2c_timeout
            0000186a    __lock
            0000186c    __unlock
            0000186e    __cleanup_ptr
            00001870    __dtors_ptr
00020000                _AIC3204_rset
00020022                _AIC3204_Init
000201cd                _codec_init
000201fa                _main
00020264                _USBSTK5515_LED_init
0002026f                _USBSTK5515_LED_on
00020280                _USBSTK5515_LED_off
00020291                _USBSTK5515_ULED_init
000202c0                _USBSTK5515_ULED_getall
00020312                _USBSTK5515_ULED_setall
00020380                _USBSTK5515_ULED_on
000203b5                _USBSTK5515_ULED_off
000203e8                _USBSTK5515_ULED_toggle
0002042d                _USBSTK5515_GPIO_init
00020431                _USBSTK5515_GPIO_setDirection
000204ae                _USBSTK5515_GPIO_setOutput
0002052b                _USBSTK5515_GPIO_getInput
00020583                _USBSTK5515_I2C_init
000205a2                _USBSTK5515_I2C_close
000205ab                _USBSTK5515_I2C_reset
000205b9                _USBSTK5515_I2C_write
00020648                _USBSTK5515_I2C_read
000206c1                _USBSTK5515_wait
000206f5                _USBSTK5515_waitusec
00020707                _USBSTK5515_init
00020715                _auto_init
00020762                __args_main
000207ad                _exit
000207eb                _c_int00
0002081f                __register_unlock
00020827                __register_lock
0002082f                __nop
00020831                _abort
00020832                C$$EXIT
            00020000    ___cinit__
            00020000    cinit
0004fe00                _Reset
ffffffff                .bss
ffffffff                .data
ffffffff                .text
ffffffff                ___binit__
ffffffff                ___bss__
ffffffff                ___c_args__
ffffffff                ___data__
ffffffff                ___edata__
ffffffff                ___end__
ffffffff                ___etext__
ffffffff                ___pinit__
ffffffff                ___text__
ffffffff                binit
ffffffff                edata
ffffffff                end
ffffffff                etext
ffffffff                pinit

[76 symbols]
