******************************************************************************
              TMS320C55x Linker PC v4.3.8                      
******************************************************************************
>> Linked Thu Nov 17 16:38:48 2016

OUTPUT FILE NAME:   <EZDSP_Sample.out>
ENTRY POINT SYMBOL: "reset_isr"  address: 0003156e


MEMORY CONFIGURATION

         name            origin    length      used     unused   attr    fill
                        (bytes)   (bytes)    (bytes)   (bytes)
----------------------  --------  ---------  --------  --------  ----  --------
  MMR                   00000000   000000c0  00000000  000000c0  RW  
  DARAM                 000000c0   0000ff40  00000fac  0000ef94  RW  
  SARAM                 00030000   0001e000  000017c6  0001c83a  RW  
  EMIF_CS0              00050000   007b0000  00000000  007b0000  RW  
  EMIF_CS2              00800000   00400000  00000000  00400000  RW  
  EMIF_CS3              00c00000   00200000  00000000  00200000  RW  
  EMIF_CS4              00e00000   00100000  00000000  00100000  RW  
  EMIF_CS5              00f00000   000e0000  00000000  000e0000  RW  
  SAROM_0               00fe0000   00008000  00000000  00008000  R  X
  SAROM_1               00fe8000   00008000  00000000  00008000  R  X
  SAROM_2               00ff0000   00008000  00000000  00008000  R  X
  SAROM_3               00ff8000   00008000  00000000  00008000  R  X


SECTION ALLOCATION MAP
(Addresses surrounded by []'s are displayed for convenience only!)

output                                                          attributes/
section   page  orgn(bytes) orgn(words) len(bytes) len(words)   input sections
--------  ----  ----------- ----------- ---------- ----------   --------------
.stack       0   [ 000000c0 ]  00000060          *   000001f4   UNINITIALIZED
                 [ 000000c0 ]  00000060          *   000001f4   --HOLE--

.data        0   [ 000000c0 ]  00000060          *   00000000   UNINITIALIZED

.sysstack 
*            0   [ 000004a8 ]  00000254          *   000001f4   UNINITIALIZED
                 [ 000004a8 ]  00000254          *   000001f4   --HOLE--

.bss         0   [ 00000890 ]  00000448          *   000001ad   UNINITIALIZED
                 [ 00000890 ]  00000448          *   00000124   dma.obj (.bss)
                 [ 00000ad8 ]  0000056c          *   00000061   i2s.obj (.bss)
                 [ 00000b9a ]  000005cd          *   00000014   rtc.obj (.bss)
                 [ 00000bc2 ]  000005e1          *   00000007   main.obj (.bss)
                 [ 00000bd0 ]  000005e8          *   00000004   rts55x.lib : _lock.obj (.bss)
                 [ 00000bd8 ]  000005ec          *   00000004              : exit.obj (.bss)
                 [ 00000be0 ]  000005f0          *   00000003   sar.obj (.bss)
                 [ 00000be6 ]  000005f3          *   00000001   timer.obj (.bss)
                 [ 00000be8 ]  000005f4          *   00000001   usbstk5515bsl.lib : usbstk5515_i2c.obj (.bss)

.cinit       0   [ 00000bea ]  000005f5          *   0000012d   
                 [ 00000bea ]  000005f5          *   000000dc   dma.obj (.cinit)
                 [ 00000da2 ]  000006d1          *   0000001c   main.obj (.cinit)
                 [ 00000dda ]  000006ed          *   0000000c   sar.obj (.cinit)
                 [ 00000df2 ]  000006f9          *   0000000a   rts55x.lib : _lock.obj (.cinit)
                 [ 00000e06 ]  00000703          *   0000000a              : exit.obj (.cinit)
                 [ 00000e1a ]  0000070d          *   00000008   rtc.obj (.cinit)
                 [ 00000e2a ]  00000715          *   00000004   i2s.obj (.cinit)
                 [ 00000e32 ]  00000719          *   00000004   timer.obj (.cinit)
                 [ 00000e3a ]  0000071d          *   00000004   usbstk5515bsl.lib : usbstk5515_i2c.obj (.cinit)
                 [ 00000e42 ]  00000721          *   00000001   --HOLE-- [fill = 0]

.switch      0   [ 00000e44 ]  00000722          *   00000014   
                 [ 00000e44 ]  00000722          *   00000014   rtc.obj (.switch)

vector       0     00000f00  [ 00000780 ] 00000100          *   
                   00000f00  [ 00000780 ] 00000100          *   vector.obj (vector)

vectors      0     00001000  [ 00000800 ] 00000100          *   NOLOAD SECTION
                   00001000  [ 00000800 ] 00000100          *   rts55x.lib : vectors.obj (vectors)

.text        0     00030000  [ 00018000 ] 000017c6          *   
                   00030000  [ 00018000 ] 0000061a          *   oled_test.obj (.text)
                   0003061a  [ 0001830d ] 000002ef          *   aic_test_i2c.obj (.text)
                   00030909  [ 00018484+] 00000298          *   i2s_register.obj (.text)
                   00030ba1  [ 000185d0+] 0000025a          *   dma.obj (.text)
                   00030dfb  [ 000186fd+] 00000192          *   sar.obj (.text)
                   00030f8d  [ 000187c6+] 00000180          *   main.obj (.text)
                   0003110d  [ 00018886+] 00000156          *   usbstk5515bsl.lib : usbstk5515_gpio.obj (.text)
                   00031263  [ 00018931+] 00000146          *   rtc.obj (.text)
                   000313a9  [ 000189d4+] 0000013e          *   usbstk5515bsl.lib : usbstk5515_i2c.obj (.text)
                   000314e7  [ 00018a73+] 00000086          *   i2s.obj (.text)
                   0003156d  [ 00018ab6 ] 00000001          *   --HOLE-- [fill = 20]
                   0003156e  [ 00018ab7 ] 0000007b          *   vector.obj (.text)
                   000315e9  [ 00018af4+] 00000063          *   timer.obj (.text)
                   0003164c  [ 00018b26 ] 00000054          *   usbstk5515bsl.lib : usbstk5515.obj (.text)
                   000316a0  [ 00018b50 ] 0000004d          *   rts55x.lib : autoinit.obj (.text)
                   000316ed  [ 00018b76+] 0000004b          *              : args_main.obj (.text)
                   00031738  [ 00018b9c ] 0000003e          *              : exit.obj (.text)
                   00031776  [ 00018bbb ] 00000034          *              : boot.obj (.text)
                   000317aa  [ 00018bd5 ] 00000012          *              : _lock.obj (.text)
                   000317bc  [ 00018bde ] 00000007          *              : exit.obj (.text:CIO_breakpoint)
                   000317c3  [ 00018be1+] 00000002          *              : vectors.obj (.text)
                   000317c5  [ 00018be2 ] 00000001          *   --HOLE-- [fill = 20]


GLOBAL SYMBOLS: SORTED ALPHABETICALLY BY Name 

abs. value/
byte addr   word addr   name
---------   ---------   ----
00000002                $TI_capability$C5500$CallingConvention
00000002                $TI_capability$C5500$MemoryModel
00000001                $TI_capability_requires_rev3
            00000448    .bss
            00000060    .data
00030000                .text
000317bd                C$$EXIT
0003061a                _AIC3254_init
            000005cc    _Buf_Address
            000005d6    _Buf_day
            000005d3    _Buf_hour
            000005d0    _Buf_min
            000005d9    _Buf_month
            000005cd    _Buf_sec
            000005dc    _Buf_year
00031071                _ConfigPort
            000005e0    _Conunt_RTC
            00000568    _DMA_Count
            0000056b    _DMA_Done
            00000569    _Error_Count_L
            0000056a    _Error_Count_R
            000005df    _Flag_RTC
00031081                _GenerateAudioTone
00030e84                _Get_Sar_Key
            0000056c    _I2S_RCV_L
            0000059c    _I2S_RCV_R
0003100b                _InitSystem
00030dfb                _Init_SAR
00030020                _OSD9616_multiSend
00030000                _OSD9616_send
00000f00                _RST
0003135b                _RTC_Isr
            00000508    _RcvL_Sine
            00000538    _RcvR_Sine
00030e13                _Read_GPAIN1
00001000                _Reset
0003107d                _SYS_GlobalIntDisable
00031079                _SYS_GlobalIntEnable
00031610                _StartTimer0
000315e9                _Timer0Init
00031618                _Timer_isr
0003120b                _USBSTK5515_GPIO_getInput
0003110d                _USBSTK5515_GPIO_init
00031111                _USBSTK5515_GPIO_setDirection
0003118e                _USBSTK5515_GPIO_setOutput
000313c8                _USBSTK5515_I2C_close
000313a9                _USBSTK5515_I2C_init
0003146e                _USBSTK5515_I2C_read
000313d1                _USBSTK5515_I2C_reset
000313df                _USBSTK5515_I2C_write
00031692                _USBSTK5515_init
0003164c                _USBSTK5515_wait
00031680                _USBSTK5515_waitusec
            00000448    _XmitL_Sine_1K
            00000478    _XmitL_Sine_2K
            000004a8    _XmitR_Sine_1K
            000004d8    _XmitR_Sine_2K
            00000254    __STACK_END
000003e8                __STACK_SIZE
000003e8                __SYSSTACK_SIZE
ffffffff                ___binit__
            00000448    ___bss__
ffffffff                ___c_args__
            000005f5    ___cinit__
            00000060    ___data__
            00000060    ___edata__
            000005f5    ___end__
000317c6                ___etext__
ffffffff                ___pinit__
00030000                ___text__
000316ed                __args_main
            000005ec    __cleanup_ptr
            000005ee    __dtors_ptr
            000005e8    __lock
000317ba                __nop
000317b2                __register_lock
000317aa                __register_unlock
            00000060    __stack
            00000254    __sysstack
            000005ea    __unlock
000317bc                _abort
000316a0                _auto_init
00031776                _c_int00
00031327                _convert_number_to_string
            000005e4    _data1
            000005e5    _data2
            000005e6    _data3
            000005e7    _data4
00030b69                _disable_i2s0
00030b77                _disable_i2s1
00030b85                _disable_i2s2
00030b93                _disable_i2s3
00030ded                _enable_dma_int
00030b31                _enable_i2s0
00030b3f                _enable_i2s1
00030b4d                _enable_i2s2
00030b5b                _enable_i2s3
00031263                _enable_rtc_second_int
00031738                _exit
            000005e2    _f1KToneOn
            000005e3    _f2KToneOn
            000005e1    _fSineWave
            000005f3    _fTimer
            000005f4    _i2c_timeout
00030909                _i2s0_read_CR
00030951                _i2s0_read_INTR
00030957                _i2s0_read_INT_MASK
00030963                _i2s0_read_RXL_LSW
0003096f                _i2s0_read_RXL_MSW
0003097b                _i2s0_read_RXR_LSW
00030987                _i2s0_read_RXR_MSW
00030915                _i2s0_read_SRGR
00030921                _i2s0_read_TXL_LSW
0003092d                _i2s0_read_TXL_MSW
00030939                _i2s0_read_TXR_LSW
00030945                _i2s0_read_TXR_MSW
0003090f                _i2s0_write_CR
0003095d                _i2s0_write_INT_MASK
00030969                _i2s0_write_RXL_LSW
00030975                _i2s0_write_RXL_MSW
00030981                _i2s0_write_RXR_LSW
0003098d                _i2s0_write_RXR_MSW
0003091b                _i2s0_write_SRGR
00030927                _i2s0_write_TXL_LSW
00030933                _i2s0_write_TXL_MSW
0003093f                _i2s0_write_TXR_LSW
0003094b                _i2s0_write_TXR_MSW
00030993                _i2s1_read_CR
000309db                _i2s1_read_INTR
000309e1                _i2s1_read_INT_MASK
000309ed                _i2s1_read_RXL_LSW
000309f9                _i2s1_read_RXL_MSW
00030a05                _i2s1_read_RXR_LSW
00030a11                _i2s1_read_RXR_MSW
0003099f                _i2s1_read_SRGR
000309ab                _i2s1_read_TXL_LSW
000309b7                _i2s1_read_TXL_MSW
000309c3                _i2s1_read_TXR_LSW
000309cf                _i2s1_read_TXR_MSW
00030999                _i2s1_write_CR
000309e7                _i2s1_write_INT_MASK
000309f3                _i2s1_write_RXL_LSW
000309ff                _i2s1_write_RXL_MSW
00030a0b                _i2s1_write_RXR_LSW
00030a17                _i2s1_write_RXR_MSW
000309a5                _i2s1_write_SRGR
000309b1                _i2s1_write_TXL_LSW
000309bd                _i2s1_write_TXL_MSW
000309c9                _i2s1_write_TXR_LSW
000309d5                _i2s1_write_TXR_MSW
00030a1d                _i2s2_read_CR
00030a65                _i2s2_read_INTR
00030a6b                _i2s2_read_INT_MASK
00030a77                _i2s2_read_RXL_LSW
00030a83                _i2s2_read_RXL_MSW
00030a8f                _i2s2_read_RXR_LSW
00030a9b                _i2s2_read_RXR_MSW
00030a29                _i2s2_read_SRGR
00030a35                _i2s2_read_TXL_LSW
00030a41                _i2s2_read_TXL_MSW
00030a4d                _i2s2_read_TXR_LSW
00030a59                _i2s2_read_TXR_MSW
00030a23                _i2s2_write_CR
00030a71                _i2s2_write_INT_MASK
00030a7d                _i2s2_write_RXL_LSW
00030a89                _i2s2_write_RXL_MSW
00030a95                _i2s2_write_RXR_LSW
00030aa1                _i2s2_write_RXR_MSW
00030a2f                _i2s2_write_SRGR
00030a3b                _i2s2_write_TXL_LSW
00030a47                _i2s2_write_TXL_MSW
00030a53                _i2s2_write_TXR_LSW
00030a5f                _i2s2_write_TXR_MSW
00030aa7                _i2s3_read_CR
00030aef                _i2s3_read_INTR
00030af5                _i2s3_read_INT_MASK
00030b01                _i2s3_read_RXL_LSW
00030b0d                _i2s3_read_RXL_MSW
00030b19                _i2s3_read_RXR_LSW
00030b25                _i2s3_read_RXR_MSW
00030ab3                _i2s3_read_SRGR
00030abf                _i2s3_read_TXL_LSW
00030acb                _i2s3_read_TXL_MSW
00030ad7                _i2s3_read_TXR_LSW
00030ae3                _i2s3_read_TXR_MSW
00030aad                _i2s3_write_CR
00030afb                _i2s3_write_INT_MASK
00030b07                _i2s3_write_RXL_LSW
00030b13                _i2s3_write_RXL_MSW
00030b1f                _i2s3_write_RXR_LSW
00030b2b                _i2s3_write_RXR_MSW
00030ab9                _i2s3_write_SRGR
00030ac5                _i2s3_write_TXL_LSW
00030ad1                _i2s3_write_TXL_MSW
00030add                _i2s3_write_TXR_LSW
00030ae9                _i2s3_write_TXR_MSW
            000005f1    _keyCnt1
            000005f2    _keyCnt2
00030f8d                _main
000300a9                _oled_test
            000005f0    _preKey
0003006c                _printLetter
0003126f                _reset_RTC
00030c76                _set_dma0_ch0_i2s0_Lout
00030bb7                _set_dma0_ch0_stop
00030d70                _set_dma0_ch1_i2s0_Rout
00030be3                _set_dma0_ch1_stop
00030bf9                _set_dma1_ch0_i2s2_Lout
00030ba1                _set_dma1_ch0_stop
00030cf3                _set_dma1_ch1_i2s2_Rout
00030bcd                _set_dma1_ch1_stop
00031518                _set_i2s0_master
00031549                _set_i2s0_slave
000314e7                _set_i2s2_master
ffffffff                binit
            000005f5    cinit
            00000060    edata
            000005f5    end
000317c6                etext
ffffffff                pinit
0003156e                reset_isr


GLOBAL SYMBOLS: SORTED BY Symbol Address 

abs. value/
byte addr   word addr   name
---------   ---------   ----
00000001                $TI_capability_requires_rev3
00000002                $TI_capability$C5500$CallingConvention
00000002                $TI_capability$C5500$MemoryModel
            00000060    .data
            00000060    ___data__
            00000060    ___edata__
            00000060    __stack
            00000060    edata
000003e8                __STACK_SIZE
000003e8                __SYSSTACK_SIZE
            00000254    __STACK_END
            00000254    __sysstack
            00000448    .bss
            00000448    _XmitL_Sine_1K
            00000448    ___bss__
            00000478    _XmitL_Sine_2K
            000004a8    _XmitR_Sine_1K
            000004d8    _XmitR_Sine_2K
            00000508    _RcvL_Sine
            00000538    _RcvR_Sine
            00000568    _DMA_Count
            00000569    _Error_Count_L
            0000056a    _Error_Count_R
            0000056b    _DMA_Done
            0000056c    _I2S_RCV_L
            0000059c    _I2S_RCV_R
            000005cc    _Buf_Address
            000005cd    _Buf_sec
            000005d0    _Buf_min
            000005d3    _Buf_hour
            000005d6    _Buf_day
            000005d9    _Buf_month
            000005dc    _Buf_year
            000005df    _Flag_RTC
            000005e0    _Conunt_RTC
            000005e1    _fSineWave
            000005e2    _f1KToneOn
            000005e3    _f2KToneOn
            000005e4    _data1
            000005e5    _data2
            000005e6    _data3
            000005e7    _data4
            000005e8    __lock
            000005ea    __unlock
            000005ec    __cleanup_ptr
            000005ee    __dtors_ptr
            000005f0    _preKey
            000005f1    _keyCnt1
            000005f2    _keyCnt2
            000005f3    _fTimer
            000005f4    _i2c_timeout
            000005f5    ___cinit__
            000005f5    ___end__
            000005f5    cinit
            000005f5    end
00000f00                _RST
00001000                _Reset
00030000                .text
00030000                _OSD9616_send
00030000                ___text__
00030020                _OSD9616_multiSend
0003006c                _printLetter
000300a9                _oled_test
0003061a                _AIC3254_init
00030909                _i2s0_read_CR
0003090f                _i2s0_write_CR
00030915                _i2s0_read_SRGR
0003091b                _i2s0_write_SRGR
00030921                _i2s0_read_TXL_LSW
00030927                _i2s0_write_TXL_LSW
0003092d                _i2s0_read_TXL_MSW
00030933                _i2s0_write_TXL_MSW
00030939                _i2s0_read_TXR_LSW
0003093f                _i2s0_write_TXR_LSW
00030945                _i2s0_read_TXR_MSW
0003094b                _i2s0_write_TXR_MSW
00030951                _i2s0_read_INTR
00030957                _i2s0_read_INT_MASK
0003095d                _i2s0_write_INT_MASK
00030963                _i2s0_read_RXL_LSW
00030969                _i2s0_write_RXL_LSW
0003096f                _i2s0_read_RXL_MSW
00030975                _i2s0_write_RXL_MSW
0003097b                _i2s0_read_RXR_LSW
00030981                _i2s0_write_RXR_LSW
00030987                _i2s0_read_RXR_MSW
0003098d                _i2s0_write_RXR_MSW
00030993                _i2s1_read_CR
00030999                _i2s1_write_CR
0003099f                _i2s1_read_SRGR
000309a5                _i2s1_write_SRGR
000309ab                _i2s1_read_TXL_LSW
000309b1                _i2s1_write_TXL_LSW
000309b7                _i2s1_read_TXL_MSW
000309bd                _i2s1_write_TXL_MSW
000309c3                _i2s1_read_TXR_LSW
000309c9                _i2s1_write_TXR_LSW
000309cf                _i2s1_read_TXR_MSW
000309d5                _i2s1_write_TXR_MSW
000309db                _i2s1_read_INTR
000309e1                _i2s1_read_INT_MASK
000309e7                _i2s1_write_INT_MASK
000309ed                _i2s1_read_RXL_LSW
000309f3                _i2s1_write_RXL_LSW
000309f9                _i2s1_read_RXL_MSW
000309ff                _i2s1_write_RXL_MSW
00030a05                _i2s1_read_RXR_LSW
00030a0b                _i2s1_write_RXR_LSW
00030a11                _i2s1_read_RXR_MSW
00030a17                _i2s1_write_RXR_MSW
00030a1d                _i2s2_read_CR
00030a23                _i2s2_write_CR
00030a29                _i2s2_read_SRGR
00030a2f                _i2s2_write_SRGR
00030a35                _i2s2_read_TXL_LSW
00030a3b                _i2s2_write_TXL_LSW
00030a41                _i2s2_read_TXL_MSW
00030a47                _i2s2_write_TXL_MSW
00030a4d                _i2s2_read_TXR_LSW
00030a53                _i2s2_write_TXR_LSW
00030a59                _i2s2_read_TXR_MSW
00030a5f                _i2s2_write_TXR_MSW
00030a65                _i2s2_read_INTR
00030a6b                _i2s2_read_INT_MASK
00030a71                _i2s2_write_INT_MASK
00030a77                _i2s2_read_RXL_LSW
00030a7d                _i2s2_write_RXL_LSW
00030a83                _i2s2_read_RXL_MSW
00030a89                _i2s2_write_RXL_MSW
00030a8f                _i2s2_read_RXR_LSW
00030a95                _i2s2_write_RXR_LSW
00030a9b                _i2s2_read_RXR_MSW
00030aa1                _i2s2_write_RXR_MSW
00030aa7                _i2s3_read_CR
00030aad                _i2s3_write_CR
00030ab3                _i2s3_read_SRGR
00030ab9                _i2s3_write_SRGR
00030abf                _i2s3_read_TXL_LSW
00030ac5                _i2s3_write_TXL_LSW
00030acb                _i2s3_read_TXL_MSW
00030ad1                _i2s3_write_TXL_MSW
00030ad7                _i2s3_read_TXR_LSW
00030add                _i2s3_write_TXR_LSW
00030ae3                _i2s3_read_TXR_MSW
00030ae9                _i2s3_write_TXR_MSW
00030aef                _i2s3_read_INTR
00030af5                _i2s3_read_INT_MASK
00030afb                _i2s3_write_INT_MASK
00030b01                _i2s3_read_RXL_LSW
00030b07                _i2s3_write_RXL_LSW
00030b0d                _i2s3_read_RXL_MSW
00030b13                _i2s3_write_RXL_MSW
00030b19                _i2s3_read_RXR_LSW
00030b1f                _i2s3_write_RXR_LSW
00030b25                _i2s3_read_RXR_MSW
00030b2b                _i2s3_write_RXR_MSW
00030b31                _enable_i2s0
00030b3f                _enable_i2s1
00030b4d                _enable_i2s2
00030b5b                _enable_i2s3
00030b69                _disable_i2s0
00030b77                _disable_i2s1
00030b85                _disable_i2s2
00030b93                _disable_i2s3
00030ba1                _set_dma1_ch0_stop
00030bb7                _set_dma0_ch0_stop
00030bcd                _set_dma1_ch1_stop
00030be3                _set_dma0_ch1_stop
00030bf9                _set_dma1_ch0_i2s2_Lout
00030c76                _set_dma0_ch0_i2s0_Lout
00030cf3                _set_dma1_ch1_i2s2_Rout
00030d70                _set_dma0_ch1_i2s0_Rout
00030ded                _enable_dma_int
00030dfb                _Init_SAR
00030e13                _Read_GPAIN1
00030e84                _Get_Sar_Key
00030f8d                _main
0003100b                _InitSystem
00031071                _ConfigPort
00031079                _SYS_GlobalIntEnable
0003107d                _SYS_GlobalIntDisable
00031081                _GenerateAudioTone
0003110d                _USBSTK5515_GPIO_init
00031111                _USBSTK5515_GPIO_setDirection
0003118e                _USBSTK5515_GPIO_setOutput
0003120b                _USBSTK5515_GPIO_getInput
00031263                _enable_rtc_second_int
0003126f                _reset_RTC
00031327                _convert_number_to_string
0003135b                _RTC_Isr
000313a9                _USBSTK5515_I2C_init
000313c8                _USBSTK5515_I2C_close
000313d1                _USBSTK5515_I2C_reset
000313df                _USBSTK5515_I2C_write
0003146e                _USBSTK5515_I2C_read
000314e7                _set_i2s2_master
00031518                _set_i2s0_master
00031549                _set_i2s0_slave
0003156e                reset_isr
000315e9                _Timer0Init
00031610                _StartTimer0
00031618                _Timer_isr
0003164c                _USBSTK5515_wait
00031680                _USBSTK5515_waitusec
00031692                _USBSTK5515_init
000316a0                _auto_init
000316ed                __args_main
00031738                _exit
00031776                _c_int00
000317aa                __register_unlock
000317b2                __register_lock
000317ba                __nop
000317bc                _abort
000317bd                C$$EXIT
000317c6                ___etext__
000317c6                etext
ffffffff                ___binit__
ffffffff                ___c_args__
ffffffff                ___pinit__
ffffffff                binit
ffffffff                pinit

[221 symbols]
